#
# A fatal error has been detected by the Java Runtime Environment:
#
#  EXCEPTION_ACCESS_VIOLATION (0xc0000005) at pc=0x00007ffee43e1b79, pid=7988, tid=13004
#
# JRE version:  (21.0.9+10) (build )
# Java VM: OpenJDK 64-Bit Server VM (21.0.9+10-LTS, mixed mode, sharing, tiered, compressed class ptrs, unknown gc, windows-amd64)
# Problematic frame:
# C  [jimage.dll+0x1b79]
#
# No core dump will be written. Minidumps are not enabled by default on client versions of Windows
#
#

---------------  S U M M A R Y ------------

Command Line: 

Host: 11th Gen Intel(R) Core(TM) i5-1135G7 @ 2.40GHz, 8 cores, 7G,  Windows 11 , 64 bit Build 26100 (10.0.26100.7309)
Time: Thu Jan  8 20:08:31 2026 Bangladesh Standard Time elapsed time: 0.028754 seconds (0d 0h 0m 0s)

---------------  T H R E A D  ---------------

Current thread is native thread

Stack: [0x000000f6a9000000,0x000000f6a9100000],  sp=0x000000f6a90fdf10,  free space=1015k
Native frames: (J=compiled Java code, j=interpreted, Vv=VM code, C=native code)
C  [jimage.dll+0x1b79]
C  [jimage.dll+0x1d03]
C  [jimage.dll+0x25dd]
V  [jvm.dll+0x221792]
V  [jvm.dll+0xcae37]
V  [jvm.dll+0x866f6c]
V  [jvm.dll+0x457391]
V  [jvm.dll+0x458f81]
C  [jli.dll+0x52d0]
C  [ucrtbase.dll+0x37b0]
C  [KERNEL32.DLL+0x2e8d7]
C  [ntdll.dll+0x8c53c]


siginfo: EXCEPTION_ACCESS_VIOLATION (0xc0000005), reading address 0x00000000000086ac


Registers:
RAX=0x00000000000007b4, RBX=0x000000f6a90fe001, RCX=0x00007ffee43e6000, RDX=0x00000000000021a4
RSP=0x000000f6a90fdf10, RBP=0x000000f6a90fe000, RSI=0x000000000000762e, RDI=0x000000f6a90fe000
R8 =0x00007ffee43e4298, R9 =0x000000000000001c, R10=0x00007ffee2d90000, R11=0x00007ffee43e6000
R12=0x0000000000000000, R13=0x000000f6a90ffa30, R14=0x000000f6a90ff070, R15=0x00007ffe4b4244b0
RIP=0x00007ffee43e1b79, EFLAGS=0x0000000000010247

XMM[0]=0x0000000000000000 0x0000000000000000
XMM[1]=0x2f6d762f6c616e72 0x65746e692f6b646a
XMM[2]=0x736e6f6974706f2f 0x6d762f6c616e7265
XMM[3]=0x0000000000000000 0x0000000000000000
XMM[4]=0x0000000000000000 0x0000000000000000
XMM[5]=0x0000000000000000 0x0000000000000000
XMM[6]=0x0000000000000000 0x0000000000000000
XMM[7]=0x0000000000000000 0x0000000000000000
XMM[8]=0x0000000000000000 0x0000000000000000
XMM[9]=0x0000000000000000 0x0000000000000000
XMM[10]=0x0000000000000000 0x0000000000000000
XMM[11]=0x0000000000000000 0x0000000000000000
XMM[12]=0x0000000000000000 0x0000000000000000
XMM[13]=0x0000000000000000 0x0000000000000000
XMM[14]=0x0000000000000000 0x0000000000000000
XMM[15]=0x0000000000000000 0x0000000000000000
  MXCSR=0x00001f80


Top of Stack: (sp=0x000000f6a90fdf10)
0x000000f6a90fdf10:   006300730076002e 000000f6a90fe3d8
0x000000f6a90fdf20:   0065007400780065 006f00690073006e
0x000000f6a90fdf30:   000002f0461f05b0 00007ffee43e1d03
0x000000f6a90fdf40:   000000000000000b 000002f0461f05b0
0x000000f6a90fdf50:   002e00310035002e 00690077002d0030
0x000000f6a90fdf60:   002d00320033006e 005c003400360078
0x000000f6a90fdf70:   005c00650072006a 0030002e00310032
0x000000f6a90fdf80:   000000630039002e 00320033006e0069
0x000000f6a90fdf90:   003600380078002d 005c00340036005f
0x000000f6a90fdfa0:   00007d5d0c90f4b7 0076007200650073
0x000000f6a90fdfb0:   00007ffe4b401de0 0000000000000017
0x000000f6a90fdfc0:   000002f0461f05b0 000000f6a90ff070
0x000000f6a90fdfd0:   000000000000000b 00007ffee43e25dd
0x000000f6a90fdfe0:   0000000000000000 0000000000000000
0x000000f6a90fdff0:   000002f0461f0490 0000000000000000
0x000000f6a90fe000:   61622e6176616a2f 692f6b646a2f6573
0x000000f6a90fe010:   2f6c616e7265746e 6f6974706f2f6d76
0x000000f6a90fe020:   000000000000736e 0000000000000000
0x000000f6a90fe030:   0000000000000000 0000000000000000
0x000000f6a90fe040:   000002f0461efee0 0000000000000000
0x000000f6a90fe050:   0000000000000000 0000000000000000
0x000000f6a90fe060:   0000000000000000 0000000000000000
0x000000f6a90fe070:   0000000000000000 0000000000000000
0x000000f6a90fe080:   0000000000000000 0000000000000000
0x000000f6a90fe090:   0000000000000000 0000000000000000
0x000000f6a90fe0a0:   0000000000000000 0000000000000000
0x000000f6a90fe0b0:   0000000000000000 0000000000000000
0x000000f6a90fe0c0:   0000000000000000 0000000000000000
0x000000f6a90fe0d0:   0000000000000000 0000000000000000
0x000000f6a90fe0e0:   0000000000000000 0000000000000000
0x000000f6a90fe0f0:   0000000000000000 0000000000000000
0x000000f6a90fe100:   0000000000000000 0000000000000000 

Instructions: (pc=0x00007ffee43e1b79)
0x00007ffee43e1a79:   48 85 c9 74 1d 80 3d 8b 45 00 00 00 74 06 48 8b
0x00007ffee43e1a89:   53 18 eb 04 48 8b 53 40 e8 a2 0e 00 00 48 83 63
0x00007ffee43e1a99:   48 00 8b 4b 0c 83 f9 ff 74 09 e8 d8 0c 00 00 83
0x00007ffee43e1aa9:   4b 0c ff 48 8b 4b 70 48 85 c9 74 0f ba 10 00 00
0x00007ffee43e1ab9:   00 e8 f9 0e 00 00 48 83 63 70 00 48 83 c4 20 5b
0x00007ffee43e1ac9:   c3 cc cc 40 53 48 83 ec 20 48 8b d9 48 8d 0d a4
0x00007ffee43e1ad9:   47 00 00 e8 a7 0c 00 00 83 6b 08 01 75 24 48 8b
0x00007ffee43e1ae9:   d3 48 8d 0d 27 45 00 00 e8 1a 08 00 00 48 8b cb
0x00007ffee43e1af9:   e8 d6 fe ff ff ba 78 00 00 00 48 8b cb e8 ad 0e
0x00007ffee43e1b09:   00 00 48 8d 0d 6e 47 00 00 48 83 c4 20 5b e9 74
0x00007ffee43e1b19:   0c 00 00 48 89 5c 24 08 48 89 74 24 10 57 48 83
0x00007ffee43e1b29:   ec 20 41 8b f1 4d 8b c8 48 8b fa 4c 8b d9 4d 85
0x00007ffee43e1b39:   c0 74 73 85 f6 74 6f 44 8a 12 48 8d 5a 01 48 8b
0x00007ffee43e1b49:   d3 b8 93 01 00 01 eb 12 69 c0 93 01 00 01 41 0f
0x00007ffee43e1b59:   b6 ca 44 8a 12 33 c1 48 ff c2 45 84 d2 75 e9 4d
0x00007ffee43e1b69:   8b 03 33 d2 0f ba f0 1f 49 8b cb f7 f6 48 63 d2
0x00007ffee43e1b79:   41 8b 14 91 41 ff 50 08 85 c0 7e 24 8a 0f eb 10
0x00007ffee43e1b89:   69 c0 93 01 00 01 0f b6 c9 33 c1 8a 0b 48 ff c3
0x00007ffee43e1b99:   84 c9 75 ec 0f ba f0 1f 33 d2 f7 f6 8b c2 eb 09
0x00007ffee43e1ba9:   79 04 f7 d0 eb 03 83 c8 ff 48 8b 5c 24 30 48 8b
0x00007ffee43e1bb9:   74 24 38 48 83 c4 20 5f c3 cc cc 48 89 5c 24 08
0x00007ffee43e1bc9:   48 89 74 24 10 57 48 83 ec 20 48 8b f1 48 8d 0d
0x00007ffee43e1bd9:   a3 46 00 00 e8 a6 0b 00 00 33 ff 39 3d 2e 44 00
0x00007ffee43e1be9:   00 76 24 48 8b 05 2d 44 00 00 48 8b d6 48 8b 1c
0x00007ffee43e1bf9:   f8 48 8b 0b e8 68 1f 00 00 85 c0 74 2b ff c7 3b
0x00007ffee43e1c09:   3d 0a 44 00 00 72 dc 33 db 48 8d 0d 67 46 00 00
0x00007ffee43e1c19:   e8 72 0b 00 00 48 8b 74 24 38 48 8b c3 48 8b 5c
0x00007ffee43e1c29:   24 30 48 83 c4 20 5f c3 ff 43 08 eb dc cc cc 48
0x00007ffee43e1c39:   89 5c 24 08 48 89 74 24 10 57 48 83 ec 20 48 8b
0x00007ffee43e1c49:   d9 48 8b f2 48 8b 49 10 49 8b f8 8b 53 30 48 8b
0x00007ffee43e1c59:   01 ff 50 20 4c 8b 43 50 48 8b d6 48 8b 4b 10 44
0x00007ffee43e1c69:   8b c8 e8 ac fe ff ff 83 f8 ff 74 38 48 8b 4b 10 



---------------  P R O C E S S  ---------------

VM state: not at safepoint (not fully initialized)

VM Mutex/Monitor currently owned by a thread: None

CDS archive(s) mapped at: [0x0000000000000000-0x0000000000000000-0x0000000000000000), size 0, SharedBaseAddress: 0x0000000800000000, ArchiveRelocationMode: 1.
Narrow klass base: 0x0000000000000000, Narrow klass shift: 0, Narrow klass range: 0x0

GC Precious Log:
<Not initialized>


Dynamic libraries:
0x00007ff6e1390000 - 0x00007ff6e139e000 	c:\Users\88018\.vscode\extensions\redhat.java-1.51.0-win32-x64\jre\21.0.9-win32-x86_64\bin\java.exe
0x00007fff01480000 - 0x00007fff016e7000 	C:\WINDOWS\SYSTEM32\ntdll.dll
0x00007ffeff970000 - 0x00007ffeffa39000 	C:\WINDOWS\System32\KERNEL32.DLL
0x00007ffefe760000 - 0x00007ffefeb4f000 	C:\WINDOWS\System32\KERNELBASE.dll
0x00007ffeff0d0000 - 0x00007ffeff21b000 	C:\WINDOWS\System32\ucrtbase.dll
0x00007ffed33e0000 - 0x00007ffed33f8000 	c:\Users\88018\.vscode\extensions\redhat.java-1.51.0-win32-x64\jre\21.0.9-win32-x86_64\bin\jli.dll
0x00007ffee2d90000 - 0x00007ffee2dae000 	c:\Users\88018\.vscode\extensions\redhat.java-1.51.0-win32-x64\jre\21.0.9-win32-x86_64\bin\VCRUNTIME140.dll
0x00007fff01270000 - 0x00007fff01435000 	C:\WINDOWS\System32\USER32.dll
0x00007ffefe680000 - 0x00007ffefe6a7000 	C:\WINDOWS\System32\win32u.dll
0x00007ffeff4d0000 - 0x00007ffeff4fb000 	C:\WINDOWS\System32\GDI32.dll
0x00007ffee3910000 - 0x00007ffee3ba3000 	C:\WINDOWS\WinSxS\amd64_microsoft.windows.common-controls_6595b64144ccf1df_6.0.26100.7309_none_3e05feeae336a044\COMCTL32.dll
0x00007ffefeb60000 - 0x00007ffefec8c000 	C:\WINDOWS\System32\gdi32full.dll
0x00007fff00b90000 - 0x00007fff00c39000 	C:\WINDOWS\System32\msvcrt.dll
0x00007ffefe5d0000 - 0x00007ffefe673000 	C:\WINDOWS\System32\msvcp_win.dll
0x00007fff00960000 - 0x00007fff00991000 	C:\WINDOWS\System32\IMM32.DLL
0x00007ffefaf60000 - 0x00007ffefaf6c000 	c:\Users\88018\.vscode\extensions\redhat.java-1.51.0-win32-x64\jre\21.0.9-win32-x86_64\bin\vcruntime140_1.dll
0x00007ffec0f70000 - 0x00007ffec0ffd000 	c:\Users\88018\.vscode\extensions\redhat.java-1.51.0-win32-x64\jre\21.0.9-win32-x86_64\bin\msvcp140.dll
0x00007ffe4aa10000 - 0x00007ffe4b7b0000 	c:\Users\88018\.vscode\extensions\redhat.java-1.51.0-win32-x64\jre\21.0.9-win32-x86_64\bin\server\jvm.dll
0x00007ffeff410000 - 0x00007ffeff4c4000 	C:\WINDOWS\System32\ADVAPI32.dll
0x00007ffeffab0000 - 0x00007ffeffb56000 	C:\WINDOWS\System32\sechost.dll
0x00007ffeffff0000 - 0x00007fff00108000 	C:\WINDOWS\System32\RPCRT4.dll
0x00007ffeff6c0000 - 0x00007ffeff734000 	C:\WINDOWS\System32\WS2_32.dll
0x00007ffefe430000 - 0x00007ffefe48e000 	C:\WINDOWS\SYSTEM32\POWRPROF.dll
0x00007ffee60e0000 - 0x00007ffee6115000 	C:\WINDOWS\SYSTEM32\WINMM.dll
0x00007ffeeb720000 - 0x00007ffeeb72b000 	C:\WINDOWS\SYSTEM32\VERSION.dll
0x00007ffefe410000 - 0x00007ffefe424000 	C:\WINDOWS\SYSTEM32\UMPDC.dll
0x00007ffefd380000 - 0x00007ffefd39b000 	C:\WINDOWS\SYSTEM32\kernel.appcore.dll
0x00007ffee43e0000 - 0x00007ffee43ea000 	c:\Users\88018\.vscode\extensions\redhat.java-1.51.0-win32-x64\jre\21.0.9-win32-x86_64\bin\jimage.dll
0x00007ffefbc90000 - 0x00007ffefbed2000 	C:\WINDOWS\SYSTEM32\DBGHELP.DLL
0x00007fff00de0000 - 0x00007fff01165000 	C:\WINDOWS\System32\combase.dll
0x00007fff00880000 - 0x00007fff00956000 	C:\WINDOWS\System32\OLEAUT32.dll
0x00007ffedf200000 - 0x00007ffedf23c000 	C:\WINDOWS\SYSTEM32\dbgcore.DLL
0x00007ffefe6b0000 - 0x00007ffefe755000 	C:\WINDOWS\System32\bcryptPrimitives.dll

JVMTI agents: none

dbghelp: loaded successfully - version: 4.0.5 - missing functions: none
symbol engine: initialized successfully - sym options: 0x614 - pdb path: .;c:\Users\88018\.vscode\extensions\redhat.java-1.51.0-win32-x64\jre\21.0.9-win32-x86_64\bin;C:\WINDOWS\SYSTEM32;C:\WINDOWS\WinSxS\amd64_microsoft.windows.common-controls_6595b64144ccf1df_6.0.26100.7309_none_3e05feeae336a044;c:\Users\88018\.vscode\extensions\redhat.java-1.51.0-win32-x64\jre\21.0.9-win32-x86_64\bin\server

VM Arguments:
java_command: <unknown>
java_class_path (initial): <not set>
Launcher Type: SUN_STANDARD

[Global flags]
     bool UseLargePagesIndividualAllocation        = false                                  {pd product} {ergonomic}

Logging:
Log output configuration:
 #0: stdout all=warning uptime,level,tags foldmultilines=false
 #1: stderr all=off uptime,level,tags foldmultilines=false

Release file:
<release file has not been read>
Environment Variables:
PATH=C:\Program Files\Python312\Scripts\;C:\Program Files\Python312\;C:\Program Files\Common Files\Oracle\Java\javapath;C:\Program Files (x86)\Common Files\Oracle\Java\javapath;C:\Windows\system32;C:\Windows;C:\Windows\System32\Wbem;C:\Windows\System32\WindowsPowerShell\v1.0\;C:\Windows\System32\OpenSSH\;C:\Program Files (x86)\NVIDIA Corporation\PhysX\Common;C:\Program Files\NVIDIA Corporation\NVIDIA NvDLISR;C:\WINDOWS\system32;C:\WINDOWS;C:\WINDOWS\System32\Wbem;C:\WINDOWS\System32\WindowsPowerShell\v1.0\;C:\WINDOWS\System32\OpenSSH\;C:\Java\jdk-20\bin;C:\Program Files\nodejs\;C:\Program Files\MySQL\MySQL Server 8.0\bin;E:\runtime\win64;E:\bin;E:\mtlab\bin;C:\Program Files\Git\cmd;D:\flutter\flutter\bin;D:\sdk_flutter\flutter\bin;C:\Users\88018\AppData\Local\Programs\Microsoft VS Code\bin
USERNAME=88018
OS=Windows_NT
PROCESSOR_IDENTIFIER=Intel64 Family 6 Model 140 Stepping 1, GenuineIntel
TMP=C:\Users\88018\AppData\Local\Temp
TEMP=C:\Users\88018\AppData\Local\Temp




Periodic native trim disabled

---------------  S Y S T E M  ---------------

OS:
 Windows 11 , 64 bit Build 26100 (10.0.26100.7309)
OS uptime: 3 days 3:10 hours

CPU: total 8 (initial active 0) 
Processor Information for the first 8 processors :
  Max Mhz: 2419, Current Mhz: 2419, Mhz Limit: 2419

Memory: 4k page, system-wide physical 7886M (743M free)
TotalPageFile size 25678M (AvailPageFile size 214M)
current process WorkingSet (physical memory assigned to process): 10M, peak: 10M
current process commit charge ("private bytes"): 3M, peak: 3M

vm_info: OpenJDK 64-Bit Server VM (21.0.9+10-LTS) for windows-amd64 JRE (21.0.9+10-LTS), built on 2025-10-21T00:00:00Z by "admin" with unknown MS VC++:1942

END.
