#
# There is insufficient memory for the Java Runtime Environment to continue.
# Native memory allocation (malloc) failed to allocate 41992 bytes. Error detail: Chunk::new
# Possible reasons:
#   The system is out of physical RAM or swap space
#   This process is running with CompressedOops enabled, and the Java Heap may be blocking the growth of the native heap
# Possible solutions:
#   Reduce memory load on the system
#   Increase physical memory or swap space
#   Check if swap backing store is full
#   Decrease Java heap size (-Xmx/-Xms)
#   Decrease number of Java threads
#   Decrease Java thread stack sizes (-Xss)
#   Set larger code cache with -XX:ReservedCodeCacheSize=
#   JVM is running with Unscaled Compressed Oops mode in which the Java heap is
#     placed in the first 4GB address space. The Java Heap base address is the
#     maximum limit for the native heap growth. Please use -XX:HeapBaseMinAddress
#     to set the Java Heap base and to place the Java Heap above 4GB virtual address.
# This output file may be truncated or incomplete.
#
#  Out of Memory Error (arena.cpp:168), pid=11364, tid=19036
#
# JRE version: OpenJDK Runtime Environment Temurin-21.0.9+10 (21.0.9+10) (build 21.0.9+10-LTS)
# Java VM: OpenJDK 64-Bit Server VM Temurin-21.0.9+10 (21.0.9+10-LTS, mixed mode, sharing, tiered, compressed oops, compressed class ptrs, parallel gc, windows-amd64)
# No core dump will be written. Minidumps are not enabled by default on client versions of Windows
#

---------------  S U M M A R Y ------------

Command Line: --add-modules=ALL-SYSTEM --add-opens=java.base/java.util=ALL-UNNAMED --add-opens=java.base/java.lang=ALL-UNNAMED --add-opens=java.base/sun.nio.fs=ALL-UNNAMED -Declipse.application=org.eclipse.jdt.ls.core.id1 -Dosgi.bundles.defaultStartLevel=4 -Declipse.product=org.eclipse.jdt.ls.core.product -Djava.import.generatesMetadataFilesAtProjectRoot=false -DDetectVMInstallationsJob.disabled=true -Dfile.encoding=utf8 -XX:+UseParallelGC -XX:GCTimeRatio=4 -XX:AdaptiveSizePolicyWeight=90 -Dsun.zip.disableMemoryMapping=true -Xmx2G -Xms100m -Xlog:disable -javaagent:c:\Users\88018\.vscode\extensions\redhat.java-1.51.0-win32-x64\lombok\lombok-1.18.39-4050.jar -XX:+HeapDumpOnOutOfMemoryError -XX:HeapDumpPath=c:\Users\88018\AppData\Roaming\Code\User\workspaceStorage\d2e837351fd8ae200bb528c6219aa449\redhat.java -Daether.dependencyCollector.impl=bf c:\Users\88018\.vscode\extensions\redhat.java-1.51.0-win32-x64\server\plugins\org.eclipse.equinox.launcher_1.7.100.v20251111-0406.jar -configuration c:\Users\88018\AppData\Roaming\Code\User\globalStorage\redhat.java\1.51.0\config_win -data c:\Users\88018\AppData\Roaming\Code\User\workspaceStorage\d2e837351fd8ae200bb528c6219aa449\redhat.java\jdt_ws --pipe=\\.\pipe\lsp-173610a042ee26ddc7fcf7b653650994-sock

Host: 11th Gen Intel(R) Core(TM) i5-1135G7 @ 2.40GHz, 8 cores, 7G,  Windows 11 , 64 bit Build 26100 (10.0.26100.7309)
Time: Thu Jan  8 20:07:16 2026 Bangladesh Standard Time elapsed time: 7.483747 seconds (0d 0h 0m 7s)

---------------  T H R E A D  ---------------

Current thread (0x000001c3fb266010):  JavaThread "C2 CompilerThread2" daemon [_thread_in_native, id=19036, stack(0x0000006a6c300000,0x0000006a6c400000) (1024K)]


Current CompileTask:
C2:7483 4174   !   4       org.eclipse.osgi.internal.loader.classpath.ClasspathManager::findClassImpl (328 bytes)

Stack: [0x0000006a6c300000,0x0000006a6c400000]
Native frames: (J=compiled Java code, j=interpreted, Vv=VM code, C=native code)
V  [jvm.dll+0x6d6e29]
V  [jvm.dll+0x8b4b76]
V  [jvm.dll+0x8b712e]
V  [jvm.dll+0x8b7813]
V  [jvm.dll+0x283d86]
V  [jvm.dll+0xc66ed]
V  [jvm.dll+0xc6c31]
V  [jvm.dll+0x1e2ff0]
V  [jvm.dll+0x1e324a]
V  [jvm.dll+0x38aa86]
V  [jvm.dll+0x389fda]
V  [jvm.dll+0x24bfa0]
V  [jvm.dll+0x24b580]
V  [jvm.dll+0x1cb13e]
V  [jvm.dll+0x25b29d]
V  [jvm.dll+0x25982a]
V  [jvm.dll+0x3f7ea6]
V  [jvm.dll+0x85e9ad]
V  [jvm.dll+0x6d565d]
C  [ucrtbase.dll+0x37b0]
C  [KERNEL32.DLL+0x2e8d7]
C  [ntdll.dll+0x8c53c]


---------------  P R O C E S S  ---------------

Threads class SMR info:
_java_thread_list=0x000001c3fb6c0bb0, length=40, elements={
0x000001c39a9ecc30, 0x000001c39a95c8a0, 0x000001c39a95f9c0, 0x000001c39a962290,
0x000001c39a963160, 0x000001c39a9680d0, 0x000001c39a968b20, 0x000001c39a96b960,
0x000001c39a96fba0, 0x000001c3f81ca130, 0x000001c3f8382a00, 0x000001c3f8bba540,
0x000001c3f8baaff0, 0x000001c3f8b8b740, 0x000001c3f8b80840, 0x000001c3f9349b50,
0x000001c3f9202df0, 0x000001c3f9104110, 0x000001c3f9106f00, 0x000001c3f9107590,
0x000001c3f91054c0, 0x000001c3f92e63c0, 0x000001c3f9105b50, 0x000001c3fb266010,
0x000001c3f9104e30, 0x000001c3f91047a0, 0x000001c3fbf53f50, 0x000001c3fbf53230,
0x000001c3fbf54c70, 0x000001c3fbf538c0, 0x000001c3fbf566b0, 0x000001c3fbf56d40,
0x000001c3fbf55300, 0x000001c3fbf545e0, 0x000001c3fbf56020, 0x000001c3fbf58780,
0x000001c3fbf55990, 0x000001c3fbf57a60, 0x000001c3fbf5a1c0, 0x000001c3fbf58e10
}

Java Threads: ( => current thread )
  0x000001c39a9ecc30 JavaThread "main"                              [_thread_blocked, id=3976, stack(0x0000006a6a200000,0x0000006a6a300000) (1024K)]
  0x000001c39a95c8a0 JavaThread "Reference Handler"          daemon [_thread_blocked, id=3680, stack(0x0000006a6a600000,0x0000006a6a700000) (1024K)]
  0x000001c39a95f9c0 JavaThread "Finalizer"                  daemon [_thread_blocked, id=1768, stack(0x0000006a6a700000,0x0000006a6a800000) (1024K)]
  0x000001c39a962290 JavaThread "Signal Dispatcher"          daemon [_thread_blocked, id=8552, stack(0x0000006a6a800000,0x0000006a6a900000) (1024K)]
  0x000001c39a963160 JavaThread "Attach Listener"            daemon [_thread_blocked, id=15920, stack(0x0000006a6a900000,0x0000006a6aa00000) (1024K)]
  0x000001c39a9680d0 JavaThread "Service Thread"             daemon [_thread_blocked, id=18872, stack(0x0000006a6aa00000,0x0000006a6ab00000) (1024K)]
  0x000001c39a968b20 JavaThread "Monitor Deflation Thread"   daemon [_thread_blocked, id=16660, stack(0x0000006a6ab00000,0x0000006a6ac00000) (1024K)]
  0x000001c39a96b960 JavaThread "C2 CompilerThread0"         daemon [_thread_in_native, id=19680, stack(0x0000006a6ac00000,0x0000006a6ad00000) (1024K)]
  0x000001c39a96fba0 JavaThread "C1 CompilerThread0"         daemon [_thread_blocked, id=2784, stack(0x0000006a6ad00000,0x0000006a6ae00000) (1024K)]
  0x000001c3f81ca130 JavaThread "Common-Cleaner"             daemon [_thread_blocked, id=14528, stack(0x0000006a6ae00000,0x0000006a6af00000) (1024K)]
  0x000001c3f8382a00 JavaThread "Notification Thread"        daemon [_thread_blocked, id=7492, stack(0x0000006a6af00000,0x0000006a6b000000) (1024K)]
  0x000001c3f8bba540 JavaThread "Active Thread: Equinox Container: 2e655577-5e41-48d3-91da-51be6dc866b9"        [_thread_blocked, id=14304, stack(0x0000006a6b100000,0x0000006a6b200000) (1024K)]
  0x000001c3f8baaff0 JavaThread "Refresh Thread: Equinox Container: 2e655577-5e41-48d3-91da-51be6dc866b9" daemon [_thread_blocked, id=4004, stack(0x0000006a6b900000,0x0000006a6ba00000) (1024K)]
  0x000001c3f8b8b740 JavaThread "Framework Event Dispatcher: Equinox Container: 2e655577-5e41-48d3-91da-51be6dc866b9" daemon [_thread_blocked, id=10476, stack(0x0000006a6ba00000,0x0000006a6bb00000) (1024K)]
  0x000001c3f8b80840 JavaThread "Start Level: Equinox Container: 2e655577-5e41-48d3-91da-51be6dc866b9" daemon [_thread_blocked, id=13416, stack(0x0000006a6bb00000,0x0000006a6bc00000) (1024K)]
  0x000001c3f9349b50 JavaThread "Bundle File Closer"         daemon [_thread_blocked, id=12680, stack(0x0000006a6bc00000,0x0000006a6bd00000) (1024K)]
  0x000001c3f9202df0 JavaThread "SCR Component Actor"        daemon [_thread_blocked, id=11484, stack(0x0000006a6b000000,0x0000006a6b100000) (1024K)]
  0x000001c3f9104110 JavaThread "Worker-JM"                         [_thread_blocked, id=13284, stack(0x0000006a6be00000,0x0000006a6bf00000) (1024K)]
  0x000001c3f9106f00 JavaThread "JNA Cleaner"                daemon [_thread_blocked, id=16852, stack(0x0000006a6bd00000,0x0000006a6be00000) (1024K)]
  0x000001c3f9107590 JavaThread "Worker-0: Repository registry initialization"        [_thread_blocked, id=15652, stack(0x0000006a6bf00000,0x0000006a6c000000) (1024K)]
  0x000001c3f91054c0 JavaThread "Worker-1: Updating Maven Dependencies"        [_thread_in_Java, id=20320, stack(0x0000006a6c000000,0x0000006a6c100000) (1024K)]
  0x000001c3f92e63c0 JavaThread "C2 CompilerThread1"         daemon [_thread_in_native, id=12604, stack(0x0000006a6c100000,0x0000006a6c200000) (1024K)]
  0x000001c3f9105b50 JavaThread "Java indexing"              daemon [_thread_blocked, id=10120, stack(0x0000006a6c200000,0x0000006a6c300000) (1024K)]
=>0x000001c3fb266010 JavaThread "C2 CompilerThread2"         daemon [_thread_in_native, id=19036, stack(0x0000006a6c300000,0x0000006a6c400000) (1024K)]
  0x000001c3f9104e30 JavaThread "Worker-2: Initialize After Load"        [_thread_blocked, id=17488, stack(0x0000006a6c400000,0x0000006a6c500000) (1024K)]
  0x000001c3f91047a0 JavaThread "Worker-3"                          [_thread_blocked, id=20016, stack(0x0000006a6c700000,0x0000006a6c800000) (1024K)]
  0x000001c3fbf53f50 JavaThread "Worker-4"                          [_thread_blocked, id=13164, stack(0x0000006a6c800000,0x0000006a6c900000) (1024K)]
  0x000001c3fbf53230 JavaThread "Worker-5"                          [_thread_blocked, id=11036, stack(0x0000006a6c900000,0x0000006a6ca00000) (1024K)]
  0x000001c3fbf54c70 JavaThread "Thread-1"                   daemon [_thread_in_native, id=5368, stack(0x0000006a6ca00000,0x0000006a6cb00000) (1024K)]
  0x000001c3fbf538c0 JavaThread "Thread-2"                   daemon [_thread_in_native, id=20040, stack(0x0000006a6cb00000,0x0000006a6cc00000) (1024K)]
  0x000001c3fbf566b0 JavaThread "Thread-3"                   daemon [_thread_in_native, id=15500, stack(0x0000006a6cc00000,0x0000006a6cd00000) (1024K)]
  0x000001c3fbf56d40 JavaThread "Thread-4"                   daemon [_thread_in_native, id=17208, stack(0x0000006a6cd00000,0x0000006a6ce00000) (1024K)]
  0x000001c3fbf55300 JavaThread "Thread-5"                   daemon [_thread_in_native, id=19236, stack(0x0000006a6ce00000,0x0000006a6cf00000) (1024K)]
  0x000001c3fbf545e0 JavaThread "Thread-6"                   daemon [_thread_in_native, id=17752, stack(0x0000006a6cf00000,0x0000006a6d000000) (1024K)]
  0x000001c3fbf56020 JavaThread "Thread-7"                   daemon [_thread_in_native, id=15404, stack(0x0000006a6d000000,0x0000006a6d100000) (1024K)]
  0x000001c3fbf58780 JavaThread "Thread-8"                   daemon [_thread_in_native, id=15368, stack(0x0000006a6d100000,0x0000006a6d200000) (1024K)]
  0x000001c3fbf55990 JavaThread "Thread-9"                   daemon [_thread_in_native, id=5248, stack(0x0000006a6d200000,0x0000006a6d300000) (1024K)]
  0x000001c3fbf57a60 JavaThread "pool-2-thread-1"                   [_thread_blocked, id=17164, stack(0x0000006a6d300000,0x0000006a6d400000) (1024K)]
  0x000001c3fbf5a1c0 JavaThread "WorkspaceEventsHandler"            [_thread_blocked, id=16020, stack(0x0000006a6d400000,0x0000006a6d500000) (1024K)]
  0x000001c3fbf58e10 JavaThread "pool-1-thread-1"                   [_thread_in_vm, id=14012, stack(0x0000006a6d500000,0x0000006a6d600000) (1024K)]
Total: 40

Other Threads:
  0x000001c39a9429d0 VMThread "VM Thread"                           [id=20452, stack(0x0000006a6a500000,0x0000006a6a600000) (1024K)]
  0x000001c39aa59460 WatcherThread "VM Periodic Task Thread"        [id=20100, stack(0x0000006a6a400000,0x0000006a6a500000) (1024K)]
  0x000001c39aa0b520 WorkerThread "GC Thread#0"                     [id=17944, stack(0x0000006a6a300000,0x0000006a6a400000) (1024K)]
  0x000001c3f8d7c9f0 WorkerThread "GC Thread#1"                     [id=1392, stack(0x0000006a6b200000,0x0000006a6b300000) (1024K)]
  0x000001c3f87e27f0 WorkerThread "GC Thread#2"                     [id=4420, stack(0x0000006a6b300000,0x0000006a6b400000) (1024K)]
  0x000001c3f87e2b90 WorkerThread "GC Thread#3"                     [id=8980, stack(0x0000006a6b400000,0x0000006a6b500000) (1024K)]
  0x000001c3f87e2f30 WorkerThread "GC Thread#4"                     [id=1568, stack(0x0000006a6b500000,0x0000006a6b600000) (1024K)]
  0x000001c3f87e32d0 WorkerThread "GC Thread#5"                     [id=18736, stack(0x0000006a6b600000,0x0000006a6b700000) (1024K)]
  0x000001c3f8330ec0 WorkerThread "GC Thread#6"                     [id=3228, stack(0x0000006a6b700000,0x0000006a6b800000) (1024K)]
  0x000001c3f8baa700 WorkerThread "GC Thread#7"                     [id=12340, stack(0x0000006a6b800000,0x0000006a6b900000) (1024K)]
Total: 10

Threads with active compile tasks:
C2 CompilerThread0  7537 4452       4       org.eclipse.osgi.internal.loader.BundleLoader::addExportedProvidersFor (167 bytes)
C2 CompilerThread1  7537 4831       4       java.lang.invoke.MethodType::makeImpl (109 bytes)
C2 CompilerThread2  7537 4174   !   4       org.eclipse.osgi.internal.loader.classpath.ClasspathManager::findClassImpl (328 bytes)
Total: 3

VM state: not at safepoint (normal execution)

VM Mutex/Monitor currently owned by a thread:  ([mutex/lock_event])
[0x00007ffe4b6cb4f0] Metaspace_lock - owner thread: 0x000001c3fbf58e10

Heap address: 0x0000000080000000, size: 2048 MB, Compressed Oops mode: 32-bit

CDS archive(s) mapped at: [0x000001c3b2000000-0x000001c3b2ba0000-0x000001c3b2ba0000), size 12189696, SharedBaseAddress: 0x000001c3b2000000, ArchiveRelocationMode: 1.
Compressed class space mapped at: 0x000001c3b3000000-0x000001c3f3000000, reserved size: 1073741824
Narrow klass base: 0x000001c3b2000000, Narrow klass shift: 0, Narrow klass range: 0x100000000

GC Precious Log:
 CardTable entry size: 512
 CPUs: 8 total, 8 available
 Memory: 7886M
 Large Page Support: Disabled
 NUMA Support: Disabled
 Compressed Oops: Enabled (32-bit)
 Alignments: Space 512K, Generation 512K, Heap 2M
 Heap Min Capacity: 100M
 Heap Initial Capacity: 100M
 Heap Max Capacity: 2G
 Pre-touch: Disabled
 Parallel Workers: 8

Heap:
 PSYoungGen      total 23552K, used 10870K [0x00000000d5580000, 0x00000000d7200000, 0x0000000100000000)
  eden space 22016K, 43% used [0x00000000d5580000,0x00000000d5ee6588,0x00000000d6b00000)
  from space 1536K, 81% used [0x00000000d7080000,0x00000000d71b7620,0x00000000d7200000)
  to   space 1536K, 0% used [0x00000000d6f00000,0x00000000d6f00000,0x00000000d7080000)
 ParOldGen       total 68608K, used 18991K [0x0000000080000000, 0x0000000084300000, 0x00000000d5580000)
  object space 68608K, 27% used [0x0000000080000000,0x000000008128beb0,0x0000000084300000)
 Metaspace       used 37292K, committed 38336K, reserved 1114112K
  class space    used 3948K, committed 4416K, reserved 1048576K

Card table byte_map: [0x000001c39a390000,0x000001c39a7a0000] _byte_map_base: 0x000001c399f90000

Marking Bits: (ParMarkBitMap*) 0x00007ffe4b6d2460
 Begin Bits: [0x000001c3acea0000, 0x000001c3aeea0000)
 End Bits:   [0x000001c3aeea0000, 0x000001c3b0ea0000)

Polling page: 0x000001c398a80000

Metaspace:

Usage:
  Non-class:     32.56 MB used.
      Class:      3.86 MB used.
       Both:     36.42 MB used.

Virtual space:
  Non-class space:       64.00 MB reserved,      33.12 MB ( 52%) committed,  1 nodes.
      Class space:        1.00 GB reserved,       4.31 MB ( <1%) committed,  1 nodes.
             Both:        1.06 GB reserved,      37.44 MB (  3%) committed. 

Chunk freelists:
   Non-Class:  14.61 MB
       Class:  11.58 MB
        Both:  26.19 MB

MaxMetaspaceSize: unlimited
CompressedClassSpaceSize: 1.00 GB
Initial GC threshold: 21.00 MB
Current GC threshold: 58.38 MB
CDS: on
 - commit_granule_bytes: 65536.
 - commit_granule_words: 8192.
 - virtual_space_node_default_size: 8388608.
 - enlarge_chunks_in_place: 1.
 - use_allocation_guard: 0.


Internal statistics:

num_allocs_failed_limit: 6.
num_arena_births: 768.
num_arena_deaths: 32.
num_vsnodes_births: 2.
num_vsnodes_deaths: 0.
num_space_committed: 599.
num_space_uncommitted: 0.
num_chunks_returned_to_freelist: 47.
num_chunks_taken_from_freelist: 2452.
num_chunk_merges: 12.
num_chunk_splits: 1478.
num_chunks_enlarged: 825.
num_inconsistent_stats: 0.

CodeHeap 'non-profiled nmethods': size=120000Kb used=1930Kb max_used=2041Kb free=118069Kb
 bounds [0x000001c3a56c0000, 0x000001c3a5930000, 0x000001c3acbf0000]
CodeHeap 'profiled nmethods': size=120000Kb used=8705Kb max_used=9297Kb free=111294Kb
 bounds [0x000001c39dbf0000, 0x000001c39e510000, 0x000001c3a5120000]
CodeHeap 'non-nmethods': size=5760Kb used=1373Kb max_used=1417Kb free=4386Kb
 bounds [0x000001c3a5120000, 0x000001c3a5390000, 0x000001c3a56c0000]
CodeCache: size=245760Kb, used=12008Kb, max_used=12755Kb, free=233749Kb
 total_blobs=4958, nmethods=4299, adapters=564, full_count=0
Compilation: enabled, stopped_count=0, restarted_count=0

Compilation events (20 events):
Event: 7.451 Thread 0x000001c39a96fba0 4841       2       org.objectweb.asm.ClassReader::readUtf (44 bytes)
Event: 7.452 Thread 0x000001c39a96fba0 nmethod 4841 0x000001c39dc0c310 code [0x000001c39dc0c4e0, 0x000001c39dc0c780]
Event: 7.452 Thread 0x000001c39a96fba0 4842       2       com.google.gson.stream.JsonReader::beginObject (40 bytes)
Event: 7.452 Thread 0x000001c39a96fba0 nmethod 4842 0x000001c39de09110 code [0x000001c39de092e0, 0x000001c39de094a0]
Event: 7.453 Thread 0x000001c39a96fba0 4843       2       com.google.inject.internal.AbstractBindingBuilder::setBinding (22 bytes)
Event: 7.453 Thread 0x000001c39a96fba0 nmethod 4843 0x000001c39de08d10 code [0x000001c39de08ec0, 0x000001c39de09030]
Event: 7.454 Thread 0x000001c39a96fba0 4844       2       com.google.gson.stream.JsonReader::endObject (70 bytes)
Event: 7.454 Thread 0x000001c39a96fba0 nmethod 4844 0x000001c39de08790 code [0x000001c39de08960, 0x000001c39de08b80]
Event: 7.455 Thread 0x000001c39a96fba0 4845       2       org.objectweb.asm.ClassReader::readInt (52 bytes)
Event: 7.455 Thread 0x000001c39a96fba0 nmethod 4845 0x000001c39de08310 code [0x000001c39de084c0, 0x000001c39de08690]
Event: 7.463 Thread 0x000001c39a96fba0 4847       2       java.lang.invoke.BoundMethodHandle$Species_LLL::make (14 bytes)
Event: 7.464 Thread 0x000001c39a96fba0 nmethod 4847 0x000001c39de07e90 code [0x000001c39de08040, 0x000001c39de08228]
Event: 7.464 Thread 0x000001c39a96fba0 4848       2       java.lang.invoke.BoundMethodHandle$Species_LLL::<init> (24 bytes)
Event: 7.464 Thread 0x000001c39a96fba0 nmethod 4848 0x000001c39e062210 code [0x000001c39e0623c0, 0x000001c39e062560]
Event: 7.464 Thread 0x000001c39a96fba0 4849       2       java.lang.invoke.BoundMethodHandle$Species_LL::copyWithExtendL (25 bytes)
Event: 7.464 Thread 0x000001c39a96fba0 nmethod 4849 0x000001c39e061d10 code [0x000001c39e061ee0, 0x000001c39e0620c0]
Event: 7.465 Thread 0x000001c39a96fba0 4850       2       java.lang.invoke.MethodHandles$Lookup::getDirectConstructorNoSecurityManager (10 bytes)
Event: 7.465 Thread 0x000001c39a96fba0 nmethod 4850 0x000001c39e061990 code [0x000001c39e061b40, 0x000001c39e061c68]
Event: 7.465 Thread 0x000001c39a96fba0 4851       2       java.lang.reflect.Field::setOverrideFieldAccessor (20 bytes)
Event: 7.465 Thread 0x000001c39a96fba0 nmethod 4851 0x000001c39e061590 code [0x000001c39e061740, 0x000001c39e0618b8]

GC Heap History (20 events):
Event: 5.366 GC heap before
{Heap before GC invocations=7 (full 0):
 PSYoungGen      total 30208K, used 23730K [0x00000000d5580000, 0x00000000d7900000, 0x0000000100000000)
  eden space 24576K, 75% used [0x00000000d5580000,0x00000000d67a6650,0x00000000d6d80000)
  from space 5632K, 91% used [0x00000000d7380000,0x00000000d7886498,0x00000000d7900000)
  to   space 5632K, 0% used [0x00000000d6e00000,0x00000000d6e00000,0x00000000d7380000)
 ParOldGen       total 68608K, used 7877K [0x0000000080000000, 0x0000000084300000, 0x00000000d5580000)
  object space 68608K, 11% used [0x0000000080000000,0x00000000807b1788,0x0000000084300000)
 Metaspace       used 20634K, committed 21504K, reserved 1114112K
  class space    used 2191K, committed 2624K, reserved 1048576K
}
Event: 5.372 GC heap after
{Heap after GC invocations=7 (full 0):
 PSYoungGen      total 29696K, used 5077K [0x00000000d5580000, 0x00000000d7780000, 0x0000000100000000)
  eden space 24576K, 0% used [0x00000000d5580000,0x00000000d5580000,0x00000000d6d80000)
  from space 5120K, 99% used [0x00000000d6e00000,0x00000000d72f56b0,0x00000000d7300000)
  to   space 4608K, 0% used [0x00000000d7300000,0x00000000d7300000,0x00000000d7780000)
 ParOldGen       total 68608K, used 9305K [0x0000000080000000, 0x0000000084300000, 0x00000000d5580000)
  object space 68608K, 13% used [0x0000000080000000,0x0000000080916720,0x0000000084300000)
 Metaspace       used 20634K, committed 21504K, reserved 1114112K
  class space    used 2191K, committed 2624K, reserved 1048576K
}
Event: 5.372 GC heap before
{Heap before GC invocations=8 (full 1):
 PSYoungGen      total 29696K, used 5077K [0x00000000d5580000, 0x00000000d7780000, 0x0000000100000000)
  eden space 24576K, 0% used [0x00000000d5580000,0x00000000d5580000,0x00000000d6d80000)
  from space 5120K, 99% used [0x00000000d6e00000,0x00000000d72f56b0,0x00000000d7300000)
  to   space 4608K, 0% used [0x00000000d7300000,0x00000000d7300000,0x00000000d7780000)
 ParOldGen       total 68608K, used 9305K [0x0000000080000000, 0x0000000084300000, 0x00000000d5580000)
  object space 68608K, 13% used [0x0000000080000000,0x0000000080916720,0x0000000084300000)
 Metaspace       used 20634K, committed 21504K, reserved 1114112K
  class space    used 2191K, committed 2624K, reserved 1048576K
}
Event: 5.415 GC heap after
{Heap after GC invocations=8 (full 1):
 PSYoungGen      total 29696K, used 0K [0x00000000d5580000, 0x00000000d7780000, 0x0000000100000000)
  eden space 24576K, 0% used [0x00000000d5580000,0x00000000d5580000,0x00000000d6d80000)
  from space 5120K, 0% used [0x00000000d6e00000,0x00000000d6e00000,0x00000000d7300000)
  to   space 4608K, 0% used [0x00000000d7300000,0x00000000d7300000,0x00000000d7780000)
 ParOldGen       total 68608K, used 13605K [0x0000000080000000, 0x0000000084300000, 0x00000000d5580000)
  object space 68608K, 19% used [0x0000000080000000,0x0000000080d495b8,0x0000000084300000)
 Metaspace       used 20621K, committed 21504K, reserved 1114112K
  class space    used 2188K, committed 2624K, reserved 1048576K
}
Event: 5.644 GC heap before
{Heap before GC invocations=9 (full 1):
 PSYoungGen      total 29696K, used 24576K [0x00000000d5580000, 0x00000000d7780000, 0x0000000100000000)
  eden space 24576K, 100% used [0x00000000d5580000,0x00000000d6d80000,0x00000000d6d80000)
  from space 5120K, 0% used [0x00000000d6e00000,0x00000000d6e00000,0x00000000d7300000)
  to   space 4608K, 0% used [0x00000000d7300000,0x00000000d7300000,0x00000000d7780000)
 ParOldGen       total 68608K, used 13605K [0x0000000080000000, 0x0000000084300000, 0x00000000d5580000)
  object space 68608K, 19% used [0x0000000080000000,0x0000000080d495b8,0x0000000084300000)
 Metaspace       used 23188K, committed 24064K, reserved 1114112K
  class space    used 2354K, committed 2752K, reserved 1048576K
}
Event: 5.649 GC heap after
{Heap after GC invocations=9 (full 1):
 PSYoungGen      total 25088K, used 826K [0x00000000d5580000, 0x00000000d7400000, 0x0000000100000000)
  eden space 24064K, 0% used [0x00000000d5580000,0x00000000d5580000,0x00000000d6d00000)
  from space 1024K, 80% used [0x00000000d7300000,0x00000000d73cea00,0x00000000d7400000)
  to   space 2560K, 0% used [0x00000000d6f00000,0x00000000d6f00000,0x00000000d7180000)
 ParOldGen       total 68608K, used 13605K [0x0000000080000000, 0x0000000084300000, 0x00000000d5580000)
  object space 68608K, 19% used [0x0000000080000000,0x0000000080d495b8,0x0000000084300000)
 Metaspace       used 23188K, committed 24064K, reserved 1114112K
  class space    used 2354K, committed 2752K, reserved 1048576K
}
Event: 5.872 GC heap before
{Heap before GC invocations=10 (full 1):
 PSYoungGen      total 25088K, used 24890K [0x00000000d5580000, 0x00000000d7400000, 0x0000000100000000)
  eden space 24064K, 100% used [0x00000000d5580000,0x00000000d6d00000,0x00000000d6d00000)
  from space 1024K, 80% used [0x00000000d7300000,0x00000000d73cea00,0x00000000d7400000)
  to   space 2560K, 0% used [0x00000000d6f00000,0x00000000d6f00000,0x00000000d7180000)
 ParOldGen       total 68608K, used 13605K [0x0000000080000000, 0x0000000084300000, 0x00000000d5580000)
  object space 68608K, 19% used [0x0000000080000000,0x0000000080d495b8,0x0000000084300000)
 Metaspace       used 26387K, committed 27328K, reserved 1114112K
  class space    used 2598K, committed 3008K, reserved 1048576K
}
Event: 5.874 GC heap after
{Heap after GC invocations=10 (full 1):
 PSYoungGen      total 26112K, used 2548K [0x00000000d5580000, 0x00000000d7380000, 0x0000000100000000)
  eden space 23552K, 0% used [0x00000000d5580000,0x00000000d5580000,0x00000000d6c80000)
  from space 2560K, 99% used [0x00000000d6f00000,0x00000000d717d078,0x00000000d7180000)
  to   space 2048K, 0% used [0x00000000d7180000,0x00000000d7180000,0x00000000d7380000)
 ParOldGen       total 68608K, used 13621K [0x0000000080000000, 0x0000000084300000, 0x00000000d5580000)
  object space 68608K, 19% used [0x0000000080000000,0x0000000080d4d5b8,0x0000000084300000)
 Metaspace       used 26387K, committed 27328K, reserved 1114112K
  class space    used 2598K, committed 3008K, reserved 1048576K
}
Event: 6.302 GC heap before
{Heap before GC invocations=11 (full 1):
 PSYoungGen      total 26112K, used 26100K [0x00000000d5580000, 0x00000000d7380000, 0x0000000100000000)
  eden space 23552K, 100% used [0x00000000d5580000,0x00000000d6c80000,0x00000000d6c80000)
  from space 2560K, 99% used [0x00000000d6f00000,0x00000000d717d078,0x00000000d7180000)
  to   space 2048K, 0% used [0x00000000d7180000,0x00000000d7180000,0x00000000d7380000)
 ParOldGen       total 68608K, used 13621K [0x0000000080000000, 0x0000000084300000, 0x00000000d5580000)
  object space 68608K, 19% used [0x0000000080000000,0x0000000080d4d5b8,0x0000000084300000)
 Metaspace       used 28724K, committed 29632K, reserved 1114112K
  class space    used 2815K, committed 3264K, reserved 1048576K
}
Event: 6.305 GC heap after
{Heap after GC invocations=11 (full 1):
 PSYoungGen      total 25088K, used 1541K [0x00000000d5580000, 0x00000000d7380000, 0x0000000100000000)
  eden space 23040K, 0% used [0x00000000d5580000,0x00000000d5580000,0x00000000d6c00000)
  from space 2048K, 75% used [0x00000000d7180000,0x00000000d7301768,0x00000000d7380000)
  to   space 2048K, 0% used [0x00000000d6f80000,0x00000000d6f80000,0x00000000d7180000)
 ParOldGen       total 68608K, used 15688K [0x0000000080000000, 0x0000000084300000, 0x00000000d5580000)
  object space 68608K, 22% used [0x0000000080000000,0x0000000080f520a8,0x0000000084300000)
 Metaspace       used 28724K, committed 29632K, reserved 1114112K
  class space    used 2815K, committed 3264K, reserved 1048576K
}
Event: 6.702 GC heap before
{Heap before GC invocations=12 (full 1):
 PSYoungGen      total 25088K, used 24581K [0x00000000d5580000, 0x00000000d7380000, 0x0000000100000000)
  eden space 23040K, 100% used [0x00000000d5580000,0x00000000d6c00000,0x00000000d6c00000)
  from space 2048K, 75% used [0x00000000d7180000,0x00000000d7301768,0x00000000d7380000)
  to   space 2048K, 0% used [0x00000000d6f80000,0x00000000d6f80000,0x00000000d7180000)
 ParOldGen       total 68608K, used 15688K [0x0000000080000000, 0x0000000084300000, 0x00000000d5580000)
  object space 68608K, 22% used [0x0000000080000000,0x0000000080f520a8,0x0000000084300000)
 Metaspace       used 31488K, committed 32576K, reserved 1114112K
  class space    used 3178K, committed 3648K, reserved 1048576K
}
Event: 6.706 GC heap after
{Heap after GC invocations=12 (full 1):
 PSYoungGen      total 24576K, used 1732K [0x00000000d5580000, 0x00000000d7200000, 0x0000000100000000)
  eden space 22528K, 0% used [0x00000000d5580000,0x00000000d5580000,0x00000000d6b80000)
  from space 2048K, 84% used [0x00000000d6f80000,0x00000000d7131110,0x00000000d7180000)
  to   space 512K, 0% used [0x00000000d7180000,0x00000000d7180000,0x00000000d7200000)
 ParOldGen       total 68608K, used 17047K [0x0000000080000000, 0x0000000084300000, 0x00000000d5580000)
  object space 68608K, 24% used [0x0000000080000000,0x00000000810a5f98,0x0000000084300000)
 Metaspace       used 31488K, committed 32576K, reserved 1114112K
  class space    used 3178K, committed 3648K, reserved 1048576K
}
Event: 6.886 GC heap before
{Heap before GC invocations=13 (full 1):
 PSYoungGen      total 24576K, used 24260K [0x00000000d5580000, 0x00000000d7200000, 0x0000000100000000)
  eden space 22528K, 100% used [0x00000000d5580000,0x00000000d6b80000,0x00000000d6b80000)
  from space 2048K, 84% used [0x00000000d6f80000,0x00000000d7131110,0x00000000d7180000)
  to   space 512K, 0% used [0x00000000d7180000,0x00000000d7180000,0x00000000d7200000)
 ParOldGen       total 68608K, used 17047K [0x0000000080000000, 0x0000000084300000, 0x00000000d5580000)
  object space 68608K, 24% used [0x0000000080000000,0x00000000810a5f98,0x0000000084300000)
 Metaspace       used 34461K, committed 35584K, reserved 1114112K
  class space    used 3575K, committed 4096K, reserved 1048576K
}
Event: 6.889 GC heap after
{Heap after GC invocations=13 (full 1):
 PSYoungGen      total 22528K, used 496K [0x00000000d5580000, 0x00000000d7200000, 0x0000000100000000)
  eden space 22016K, 0% used [0x00000000d5580000,0x00000000d5580000,0x00000000d6b00000)
  from space 512K, 96% used [0x00000000d7180000,0x00000000d71fc010,0x00000000d7200000)
  to   space 3072K, 0% used [0x00000000d6c00000,0x00000000d6c00000,0x00000000d6f00000)
 ParOldGen       total 68608K, used 19408K [0x0000000080000000, 0x0000000084300000, 0x00000000d5580000)
  object space 68608K, 28% used [0x0000000080000000,0x00000000812f4288,0x0000000084300000)
 Metaspace       used 34461K, committed 35584K, reserved 1114112K
  class space    used 3575K, committed 4096K, reserved 1048576K
}
Event: 6.917 GC heap before
{Heap before GC invocations=14 (full 1):
 PSYoungGen      total 22528K, used 3695K [0x00000000d5580000, 0x00000000d7200000, 0x0000000100000000)
  eden space 22016K, 14% used [0x00000000d5580000,0x00000000d589ff70,0x00000000d6b00000)
  from space 512K, 96% used [0x00000000d7180000,0x00000000d71fc010,0x00000000d7200000)
  to   space 3072K, 0% used [0x00000000d6c00000,0x00000000d6c00000,0x00000000d6f00000)
 ParOldGen       total 68608K, used 19408K [0x0000000080000000, 0x0000000084300000, 0x00000000d5580000)
  object space 68608K, 28% used [0x0000000080000000,0x00000000812f4288,0x0000000084300000)
 Metaspace       used 34820K, committed 35840K, reserved 1114112K
  class space    used 3628K, committed 4096K, reserved 1048576K
}
Event: 6.918 GC heap after
{Heap after GC invocations=14 (full 1):
 PSYoungGen      total 25088K, used 352K [0x00000000d5580000, 0x00000000d7200000, 0x0000000100000000)
  eden space 22016K, 0% used [0x00000000d5580000,0x00000000d5580000,0x00000000d6b00000)
  from space 3072K, 11% used [0x00000000d6c00000,0x00000000d6c58000,0x00000000d6f00000)
  to   space 1536K, 0% used [0x00000000d7080000,0x00000000d7080000,0x00000000d7200000)
 ParOldGen       total 68608K, used 19864K [0x0000000080000000, 0x0000000084300000, 0x00000000d5580000)
  object space 68608K, 28% used [0x0000000080000000,0x00000000813662c8,0x0000000084300000)
 Metaspace       used 34820K, committed 35840K, reserved 1114112K
  class space    used 3628K, committed 4096K, reserved 1048576K
}
Event: 6.918 GC heap before
{Heap before GC invocations=15 (full 2):
 PSYoungGen      total 25088K, used 352K [0x00000000d5580000, 0x00000000d7200000, 0x0000000100000000)
  eden space 22016K, 0% used [0x00000000d5580000,0x00000000d5580000,0x00000000d6b00000)
  from space 3072K, 11% used [0x00000000d6c00000,0x00000000d6c58000,0x00000000d6f00000)
  to   space 1536K, 0% used [0x00000000d7080000,0x00000000d7080000,0x00000000d7200000)
 ParOldGen       total 68608K, used 19864K [0x0000000080000000, 0x0000000084300000, 0x00000000d5580000)
  object space 68608K, 28% used [0x0000000080000000,0x00000000813662c8,0x0000000084300000)
 Metaspace       used 34820K, committed 35840K, reserved 1114112K
  class space    used 3628K, committed 4096K, reserved 1048576K
}
Event: 6.957 GC heap after
{Heap after GC invocations=15 (full 2):
 PSYoungGen      total 25088K, used 0K [0x00000000d5580000, 0x00000000d7200000, 0x0000000100000000)
  eden space 22016K, 0% used [0x00000000d5580000,0x00000000d5580000,0x00000000d6b00000)
  from space 3072K, 0% used [0x00000000d6c00000,0x00000000d6c00000,0x00000000d6f00000)
  to   space 1536K, 0% used [0x00000000d7080000,0x00000000d7080000,0x00000000d7200000)
 ParOldGen       total 68608K, used 18983K [0x0000000080000000, 0x0000000084300000, 0x00000000d5580000)
  object space 68608K, 27% used [0x0000000080000000,0x0000000081289eb0,0x0000000084300000)
 Metaspace       used 34804K, committed 35840K, reserved 1114112K
  class space    used 3624K, committed 4096K, reserved 1048576K
}
Event: 7.287 GC heap before
{Heap before GC invocations=16 (full 2):
 PSYoungGen      total 25088K, used 22016K [0x00000000d5580000, 0x00000000d7200000, 0x0000000100000000)
  eden space 22016K, 100% used [0x00000000d5580000,0x00000000d6b00000,0x00000000d6b00000)
  from space 3072K, 0% used [0x00000000d6c00000,0x00000000d6c00000,0x00000000d6f00000)
  to   space 1536K, 0% used [0x00000000d7080000,0x00000000d7080000,0x00000000d7200000)
 ParOldGen       total 68608K, used 18983K [0x0000000080000000, 0x0000000084300000, 0x00000000d5580000)
  object space 68608K, 27% used [0x0000000080000000,0x0000000081289eb0,0x0000000084300000)
 Metaspace       used 36495K, committed 37504K, reserved 1114112K
  class space    used 3861K, committed 4288K, reserved 1048576K
}
Event: 7.290 GC heap after
{Heap after GC invocations=16 (full 2):
 PSYoungGen      total 23552K, used 1245K [0x00000000d5580000, 0x00000000d7200000, 0x0000000100000000)
  eden space 22016K, 0% used [0x00000000d5580000,0x00000000d5580000,0x00000000d6b00000)
  from space 1536K, 81% used [0x00000000d7080000,0x00000000d71b7620,0x00000000d7200000)
  to   space 1536K, 0% used [0x00000000d6f00000,0x00000000d6f00000,0x00000000d7080000)
 ParOldGen       total 68608K, used 18991K [0x0000000080000000, 0x0000000084300000, 0x00000000d5580000)
  object space 68608K, 27% used [0x0000000080000000,0x000000008128beb0,0x0000000084300000)
 Metaspace       used 36495K, committed 37504K, reserved 1114112K
  class space    used 3861K, committed 4288K, reserved 1048576K
}

Dll operation events (10 events):
Event: 0.015 Loaded shared library c:\Users\88018\.vscode\extensions\redhat.java-1.51.0-win32-x64\jre\21.0.9-win32-x86_64\bin\java.dll
Event: 0.131 Loaded shared library c:\Users\88018\.vscode\extensions\redhat.java-1.51.0-win32-x64\jre\21.0.9-win32-x86_64\bin\zip.dll
Event: 0.183 Loaded shared library C:\Users\88018\.vscode\extensions\redhat.java-1.51.0-win32-x64\jre\21.0.9-win32-x86_64\bin\instrument.dll
Event: 0.191 Loaded shared library C:\Users\88018\.vscode\extensions\redhat.java-1.51.0-win32-x64\jre\21.0.9-win32-x86_64\bin\net.dll
Event: 0.195 Loaded shared library C:\Users\88018\.vscode\extensions\redhat.java-1.51.0-win32-x64\jre\21.0.9-win32-x86_64\bin\nio.dll
Event: 0.205 Loaded shared library C:\Users\88018\.vscode\extensions\redhat.java-1.51.0-win32-x64\jre\21.0.9-win32-x86_64\bin\zip.dll
Event: 0.243 Loaded shared library C:\Users\88018\.vscode\extensions\redhat.java-1.51.0-win32-x64\jre\21.0.9-win32-x86_64\bin\jimage.dll
Event: 0.422 Loaded shared library c:\Users\88018\.vscode\extensions\redhat.java-1.51.0-win32-x64\jre\21.0.9-win32-x86_64\bin\verify.dll
Event: 2.322 Loaded shared library C:\Users\88018\AppData\Roaming\Code\User\globalStorage\redhat.java\1.51.0\config_win\org.eclipse.equinox.launcher\org.eclipse.equinox.launcher.win32.win32.x86_64_1.2.1400.v20250801-0854\eclipse_11916.dll
Event: 4.617 Loaded shared library C:\Users\88018\AppData\Local\Temp\jna-53433175\jna14580052551675285480.dll

Deoptimization events (20 events):
Event: 7.184 Thread 0x000001c39a9ecc30 Uncommon trap: trap_request=0xffffff45 fr.pc=0x000001c3a584d704 relative=0x0000000000000744
Event: 7.184 Thread 0x000001c39a9ecc30 Uncommon trap: reason=unstable_if action=reinterpret pc=0x000001c3a584d704 method=java.util.regex.Pattern$BmpCharPropertyGreedy.match(Ljava/util/regex/Matcher;ILjava/lang/CharSequence;)Z @ 12 c2
Event: 7.185 Thread 0x000001c39a9ecc30 DEOPT PACKING pc=0x000001c3a584d704 sp=0x0000006a6a2fdc10
Event: 7.186 Thread 0x000001c39a9ecc30 DEOPT UNPACKING pc=0x000001c3a5176da2 sp=0x0000006a6a2fdaf8 mode 2
Event: 7.207 Thread 0x000001c3fbf58e10 Uncommon trap: trap_request=0xffffff45 fr.pc=0x000001c3a579abac relative=0x00000000000000ec
Event: 7.207 Thread 0x000001c3fbf58e10 Uncommon trap: reason=unstable_if action=reinterpret pc=0x000001c3a579abac method=com.google.gson.stream.JsonReader.nextString()Ljava/lang/String; @ 6 c2
Event: 7.207 Thread 0x000001c3fbf58e10 DEOPT PACKING pc=0x000001c3a579abac sp=0x0000006a6d5fec30
Event: 7.207 Thread 0x000001c3fbf58e10 DEOPT UNPACKING pc=0x000001c3a5176da2 sp=0x0000006a6d5febc0 mode 2
Event: 7.207 Thread 0x000001c3fbf58e10 Uncommon trap: trap_request=0xffffff45 fr.pc=0x000001c3a58babc0 relative=0x00000000000000a0
Event: 7.207 Thread 0x000001c3fbf58e10 Uncommon trap: reason=unstable_if action=reinterpret pc=0x000001c3a58babc0 method=com.google.gson.stream.JsonReader.peek()Lcom/google/gson/stream/JsonToken; @ 15 c2
Event: 7.207 Thread 0x000001c3fbf58e10 DEOPT PACKING pc=0x000001c3a58babc0 sp=0x0000006a6d5fec40
Event: 7.207 Thread 0x000001c3fbf58e10 DEOPT UNPACKING pc=0x000001c3a5176da2 sp=0x0000006a6d5febc8 mode 2
Event: 7.232 Thread 0x000001c3fbf58e10 Uncommon trap: trap_request=0xffffff45 fr.pc=0x000001c3a58b5650 relative=0x0000000000000890
Event: 7.232 Thread 0x000001c3fbf58e10 Uncommon trap: reason=unstable_if action=reinterpret pc=0x000001c3a58b5650 method=com.google.gson.stream.JsonReader.nextQuotedValue(C)Ljava/lang/String; @ 121 c2
Event: 7.232 Thread 0x000001c3fbf58e10 DEOPT PACKING pc=0x000001c3a58b5650 sp=0x0000006a6d5fe680
Event: 7.232 Thread 0x000001c3fbf58e10 DEOPT UNPACKING pc=0x000001c3a5176da2 sp=0x0000006a6d5fe618 mode 2
Event: 7.287 Thread 0x000001c3f91054c0 Uncommon trap: trap_request=0xffffff45 fr.pc=0x000001c3a5782e98 relative=0x00000000000016b8
Event: 7.287 Thread 0x000001c3f91054c0 Uncommon trap: reason=unstable_if action=reinterpret pc=0x000001c3a5782e98 method=sun.nio.cs.StreamDecoder.lockedRead0()I @ 30 c2
Event: 7.287 Thread 0x000001c3f91054c0 DEOPT PACKING pc=0x000001c3a5782e98 sp=0x0000006a6c0fd9c0
Event: 7.287 Thread 0x000001c3f91054c0 DEOPT UNPACKING pc=0x000001c3a5176da2 sp=0x0000006a6c0fd808 mode 2

Classes loaded (20 events):
Event: 7.180 Loading class sun/util/cldr/CLDRCalendarNameProviderImpl
Event: 7.180 Loading class sun/util/locale/provider/CalendarNameProviderImpl
Event: 7.180 Loading class sun/util/locale/provider/CalendarNameProviderImpl done
Event: 7.180 Loading class sun/util/cldr/CLDRCalendarNameProviderImpl done
Event: 7.182 Loading class sun/util/locale/provider/BaseLocaleDataMetaInfo
Event: 7.183 Loading class sun/util/locale/provider/BaseLocaleDataMetaInfo done
Event: 7.186 Loading class java/lang/foreign/MemorySegment
Event: 7.186 Loading class sun/util/locale/provider/CalendarNameProviderImpl$LengthBasedComparator
Event: 7.186 Loading class sun/util/locale/provider/CalendarNameProviderImpl$LengthBasedComparator done
Event: 7.187 Loading class java/lang/foreign/MemorySegment done
Event: 7.235 Loading class java/io/PrintWriter$1
Event: 7.238 Loading class jdk/internal/access/JavaIOPrintWriterAccess
Event: 7.238 Loading class jdk/internal/access/JavaIOPrintWriterAccess done
Event: 7.238 Loading class java/io/PrintWriter$1 done
Event: 7.241 Loading class java/time/format/DateTimeParseContext
Event: 7.242 Loading class java/time/format/DateTimeParseContext done
Event: 7.242 Loading class java/time/format/Parsed
Event: 7.242 Loading class java/time/format/Parsed done
Event: 7.250 Loading class sun/reflect/generics/repository/FieldRepository
Event: 7.251 Loading class sun/reflect/generics/repository/FieldRepository done

Classes unloaded (16 events):
Event: 5.378 Thread 0x000001c39a9429d0 Unloading class 0x000001c3b31ad400 'java/lang/invoke/LambdaForm$MH+0x000001c3b31ad400'
Event: 5.378 Thread 0x000001c39a9429d0 Unloading class 0x000001c3b31ad000 'java/lang/invoke/LambdaForm$MH+0x000001c3b31ad000'
Event: 5.378 Thread 0x000001c39a9429d0 Unloading class 0x000001c3b31acc00 'java/lang/invoke/LambdaForm$MH+0x000001c3b31acc00'
Event: 5.378 Thread 0x000001c39a9429d0 Unloading class 0x000001c3b31ac800 'java/lang/invoke/LambdaForm$MH+0x000001c3b31ac800'
Event: 5.378 Thread 0x000001c39a9429d0 Unloading class 0x000001c3b31ac400 'java/lang/invoke/LambdaForm$BMH+0x000001c3b31ac400'
Event: 5.378 Thread 0x000001c39a9429d0 Unloading class 0x000001c3b31ac000 'java/lang/invoke/LambdaForm$DMH+0x000001c3b31ac000'
Event: 5.378 Thread 0x000001c39a9429d0 Unloading class 0x000001c3b31aac00 'java/lang/invoke/LambdaForm$DMH+0x000001c3b31aac00'
Event: 6.924 Thread 0x000001c39a9429d0 Unloading class 0x000001c3b3328c00 'java/lang/invoke/LambdaForm$MH+0x000001c3b3328c00'
Event: 6.924 Thread 0x000001c39a9429d0 Unloading class 0x000001c3b3328000 'java/lang/invoke/LambdaForm$MH+0x000001c3b3328000'
Event: 6.924 Thread 0x000001c39a9429d0 Unloading class 0x000001c3b331bc00 'java/lang/invoke/LambdaForm$MH+0x000001c3b331bc00'
Event: 6.924 Thread 0x000001c39a9429d0 Unloading class 0x000001c3b331b000 'java/lang/invoke/LambdaForm$MH+0x000001c3b331b000'
Event: 6.924 Thread 0x000001c39a9429d0 Unloading class 0x000001c3b331ac00 'java/lang/invoke/LambdaForm$MH+0x000001c3b331ac00'
Event: 6.924 Thread 0x000001c39a9429d0 Unloading class 0x000001c3b331a000 'java/lang/invoke/LambdaForm$MH+0x000001c3b331a000'
Event: 6.924 Thread 0x000001c39a9429d0 Unloading class 0x000001c3b3319800 'java/lang/invoke/LambdaForm$MH+0x000001c3b3319800'
Event: 6.925 Thread 0x000001c39a9429d0 Unloading class 0x000001c3b3319000 'java/lang/invoke/LambdaForm$MH+0x000001c3b3319000'
Event: 6.925 Thread 0x000001c39a9429d0 Unloading class 0x000001c3b3318800 'java/lang/invoke/LambdaForm$MH+0x000001c3b3318800'

Classes redefined (0 events):
No events

Internal exceptions (20 events):
Event: 6.387 Thread 0x000001c3f91054c0 Exception <a 'java/lang/NoSuchMethodError'{0x00000000d58c7738}: 'int java.lang.invoke.Invokers$Holder.linkToTargetMethod(java.lang.Object, java.lang.Object)'> (0x00000000d58c7738) 
thrown [s\src\hotspot\share\interpreter\linkResolver.cpp, line 773]
Event: 6.388 Thread 0x000001c3f9107590 Exception <a 'java/lang/NoSuchMethodError'{0x00000000d58def50}: 'int java.lang.invoke.DirectMethodHandle$Holder.invokeSpecial(java.lang.Object, java.lang.Object, java.lang.Object, java.lang.Object)'> (0x00000000d58def50) 
thrown [s\src\hotspot\share\interpreter\linkResolver.cpp, line 773]
Event: 6.390 Thread 0x000001c3f9107590 Exception <a 'java/lang/NoSuchMethodError'{0x00000000d58f19e8}: 'java.lang.Object java.lang.invoke.DirectMethodHandle$Holder.invokeStatic(java.lang.Object, int, java.lang.Object, java.lang.Object)'> (0x00000000d58f19e8) 
thrown [s\src\hotspot\share\interpreter\linkResolver.cpp, line 773]
Event: 6.390 Thread 0x000001c3f9107590 Exception <a 'java/lang/NoSuchMethodError'{0x00000000d58f6e48}: 'java.lang.Object java.lang.invoke.DelegatingMethodHandle$Holder.delegate(java.lang.Object, int, java.lang.Object, java.lang.Object)'> (0x00000000d58f6e48) 
thrown [s\src\hotspot\share\interpreter\linkResolver.cpp, line 773]
Event: 6.393 Thread 0x000001c3f9107590 Exception <a 'java/lang/NoSuchMethodError'{0x00000000d591fc80}: 'int java.lang.invoke.Invokers$Holder.linkToTargetMethod(java.lang.Object, java.lang.Object, java.lang.Object)'> (0x00000000d591fc80) 
thrown [s\src\hotspot\share\interpreter\linkResolver.cpp, line 773]
Event: 6.490 Thread 0x000001c3f8b80840 Exception <a 'java/io/FileNotFoundException'{0x00000000d5c69340}> (0x00000000d5c69340) 
thrown [s\src\hotspot\share\prims\jni.cpp, line 520]
Event: 6.492 Thread 0x000001c3f91054c0 Exception <a 'java/lang/NoSuchMethodError'{0x00000000d5ce3700}: 'java.lang.Object java.lang.invoke.DirectMethodHandle$Holder.invokeSpecialIFC(java.lang.Object, java.lang.Object, java.lang.Object, java.lang.Object)'> (0x00000000d5ce3700) 
thrown [s\src\hotspot\share\interpreter\linkResolver.cpp, line 773]
Event: 6.526 Thread 0x000001c3f8b80840 Exception <a 'java/lang/UnsatisfiedLinkError'{0x00000000d5e5f038}: The specified procedure could not be found.
> (0x00000000d5e5f038) 
thrown [s\src\hotspot\share\prims\jni.cpp, line 539]
Event: 6.536 Thread 0x000001c3f8b80840 Exception <a 'java/io/FileNotFoundException'{0x00000000d5e76ec8}> (0x00000000d5e76ec8) 
thrown [s\src\hotspot\share\prims\jni.cpp, line 520]
Event: 6.553 Thread 0x000001c3f8b80840 Exception <a 'java/io/FileNotFoundException'{0x00000000d603ad18}> (0x00000000d603ad18) 
thrown [s\src\hotspot\share\prims\jni.cpp, line 520]
Event: 6.568 Thread 0x000001c3f8b80840 Exception <a 'java/lang/UnsatisfiedLinkError'{0x00000000d606d340}: The specified procedure could not be found.
> (0x00000000d606d340) 
thrown [s\src\hotspot\share\prims\jni.cpp, line 539]
Event: 6.694 Thread 0x000001c3f91047a0 Exception <a 'java/lang/NoSuchMethodError'{0x00000000d6b0e5d8}: 'void java.lang.invoke.DirectMethodHandle$Holder.invokeStaticInit(java.lang.Object, java.lang.Object, java.lang.Object, java.lang.Object)'> (0x00000000d6b0e5d8) 
thrown [s\src\hotspot\share\interpreter\linkResolver.cpp, line 773]
Event: 6.760 Thread 0x000001c39a9ecc30 Exception <a 'java/lang/NoSuchMethodError'{0x00000000d5efd868}: 'java.lang.Object java.lang.invoke.DirectMethodHandle$Holder.invokeStatic(java.lang.Object, long, java.lang.Object)'> (0x00000000d5efd868) 
thrown [s\src\hotspot\share\interpreter\linkResolver.cpp, line 773]
Event: 6.763 Thread 0x000001c39a9ecc30 Exception <a 'java/lang/NoSuchMethodError'{0x00000000d5f2b938}: 'java.lang.Object java.lang.invoke.DirectMethodHandle$Holder.invokeStaticInit(java.lang.Object, long, java.lang.Object)'> (0x00000000d5f2b938) 
thrown [s\src\hotspot\share\interpreter\linkResolver.cpp, line 773]
Event: 6.764 Thread 0x000001c39a9ecc30 Exception <a 'java/lang/NoSuchMethodError'{0x00000000d5f4ab78}: 'java.lang.Object java.lang.invoke.DirectMethodHandle$Holder.newInvokeSpecial(java.lang.Object, long)'> (0x00000000d5f4ab78) 
thrown [s\src\hotspot\share\interpreter\linkResolver.cpp, line 773]
Event: 6.823 Thread 0x000001c3f9104e30 Exception <a 'java/io/FileNotFoundException'{0x00000000d647bab8}> (0x00000000d647bab8) 
thrown [s\src\hotspot\share\prims\jni.cpp, line 520]
Event: 7.085 Thread 0x000001c3f91054c0 Exception <a 'java/lang/NoClassDefFoundError'{0x00000000d5c5d070}: javax/enterprise/inject/Typed> (0x00000000d5c5d070) 
thrown [s\src\hotspot\share\classfile\systemDictionary.cpp, line 301]
Event: 7.115 Thread 0x000001c39a9ecc30 Exception <a 'java/lang/NoSuchMethodError'{0x00000000d5e6f508}: 'void java.lang.invoke.DirectMethodHandle$Holder.invokeSpecial(java.lang.Object, java.lang.Object, java.lang.Object, java.lang.Object, java.lang.Object, java.lang.Object)'> (0x00000000d5e6f508) 
thrown [s\src\hotspot\share\interpreter\linkResolver.cpp, line 773]
Event: 7.119 Thread 0x000001c39a9ecc30 Exception <a 'java/lang/IncompatibleClassChangeError'{0x00000000d5e777a8}: Found class java.lang.Object, but interface was expected> (0x00000000d5e777a8) 
thrown [s\src\hotspot\share\interpreter\linkResolver.cpp, line 840]
Event: 7.120 Thread 0x000001c39a9ecc30 Exception <a 'java/lang/IncompatibleClassChangeError'{0x00000000d5e795f0}: Found class java.lang.Object, but interface was expected> (0x00000000d5e795f0) 
thrown [s\src\hotspot\share\interpreter\linkResolver.cpp, line 840]

ZGC Phase Switch (0 events):
No events

VM Operations (20 events):
Event: 5.872 Executing VM operation: ParallelGCFailedAllocation (Allocation Failure)
Event: 5.874 Executing VM operation: ParallelGCFailedAllocation (Allocation Failure) done
Event: 6.142 Executing VM operation: HandshakeAllThreads (Deoptimize)
Event: 6.142 Executing VM operation: HandshakeAllThreads (Deoptimize) done
Event: 6.302 Executing VM operation: ParallelGCFailedAllocation (Allocation Failure)
Event: 6.305 Executing VM operation: ParallelGCFailedAllocation (Allocation Failure) done
Event: 6.343 Executing VM operation: HandshakeAllThreads (Deoptimize)
Event: 6.349 Executing VM operation: HandshakeAllThreads (Deoptimize) done
Event: 6.401 Executing VM operation: HandshakeAllThreads (Deoptimize)
Event: 6.401 Executing VM operation: HandshakeAllThreads (Deoptimize) done
Event: 6.701 Executing VM operation: ParallelGCFailedAllocation (Allocation Failure)
Event: 6.706 Executing VM operation: ParallelGCFailedAllocation (Allocation Failure) done
Event: 6.886 Executing VM operation: ParallelGCFailedAllocation (Allocation Failure)
Event: 6.889 Executing VM operation: ParallelGCFailedAllocation (Allocation Failure) done
Event: 6.917 Executing VM operation: CollectForMetadataAllocation (Metadata GC Threshold)
Event: 6.957 Executing VM operation: CollectForMetadataAllocation (Metadata GC Threshold) done
Event: 7.064 Executing VM operation: HandshakeAllThreads (Deoptimize)
Event: 7.064 Executing VM operation: HandshakeAllThreads (Deoptimize) done
Event: 7.287 Executing VM operation: ParallelGCFailedAllocation (Allocation Failure)
Event: 7.290 Executing VM operation: ParallelGCFailedAllocation (Allocation Failure) done

Memory protections (0 events):
No events

Nmethod flushes (20 events):
Event: 6.934 Thread 0x000001c39a9429d0 flushing  nmethod 0x000001c39e238610
Event: 6.934 Thread 0x000001c39a9429d0 flushing  nmethod 0x000001c39e239810
Event: 6.934 Thread 0x000001c39a9429d0 flushing  nmethod 0x000001c39e23a010
Event: 6.934 Thread 0x000001c39a9429d0 flushing  nmethod 0x000001c39e23a790
Event: 6.934 Thread 0x000001c39a9429d0 flushing  nmethod 0x000001c39e23b110
Event: 6.934 Thread 0x000001c39a9429d0 flushing  nmethod 0x000001c39e23b610
Event: 6.934 Thread 0x000001c39a9429d0 flushing  nmethod 0x000001c39e23ba10
Event: 6.934 Thread 0x000001c39a9429d0 flushing  nmethod 0x000001c39e23ce90
Event: 6.934 Thread 0x000001c39a9429d0 flushing  nmethod 0x000001c39e23e090
Event: 6.934 Thread 0x000001c39a9429d0 flushing  nmethod 0x000001c39e240310
Event: 6.934 Thread 0x000001c39a9429d0 flushing  nmethod 0x000001c39e240810
Event: 6.934 Thread 0x000001c39a9429d0 flushing  nmethod 0x000001c39e241910
Event: 6.934 Thread 0x000001c39a9429d0 flushing  nmethod 0x000001c39e241c10
Event: 6.934 Thread 0x000001c39a9429d0 flushing  nmethod 0x000001c39e25ba10
Event: 6.934 Thread 0x000001c39a9429d0 flushing  nmethod 0x000001c39e276490
Event: 6.934 Thread 0x000001c39a9429d0 flushing  nmethod 0x000001c39e27a790
Event: 6.934 Thread 0x000001c39a9429d0 flushing  nmethod 0x000001c39e283790
Event: 6.934 Thread 0x000001c39a9429d0 flushing  nmethod 0x000001c39e28d610
Event: 6.934 Thread 0x000001c39a9429d0 flushing  nmethod 0x000001c39e28e210
Event: 6.934 Thread 0x000001c39a9429d0 flushing  nmethod 0x000001c39e323610

Events (20 events):
Event: 4.732 Thread 0x000001c3f8b80840 Thread added: 0x000001c3f91054c0
Event: 4.838 Thread 0x000001c39a96fba0 Thread added: 0x000001c3f92e63c0
Event: 6.119 Thread 0x000001c3f8b80840 Thread added: 0x000001c3f9105b50
Event: 6.316 Thread 0x000001c39a96fba0 Thread added: 0x000001c3fb266010
Event: 6.355 Thread 0x000001c3f9107590 Thread added: 0x000001c3f9104e30
Event: 6.600 Thread 0x000001c3f9104e30 Thread added: 0x000001c3f91047a0
Event: 6.669 Thread 0x000001c3f91047a0 Thread added: 0x000001c3fbf53f50
Event: 6.670 Thread 0x000001c3fbf53f50 Thread added: 0x000001c3fbf53230
Event: 6.785 Thread 0x000001c39a9ecc30 Thread added: 0x000001c3fbf54c70
Event: 6.791 Thread 0x000001c39a9ecc30 Thread added: 0x000001c3fbf538c0
Event: 6.791 Thread 0x000001c39a9ecc30 Thread added: 0x000001c3fbf566b0
Event: 6.792 Thread 0x000001c39a9ecc30 Thread added: 0x000001c3fbf56d40
Event: 6.792 Thread 0x000001c39a9ecc30 Thread added: 0x000001c3fbf55300
Event: 6.792 Thread 0x000001c39a9ecc30 Thread added: 0x000001c3fbf545e0
Event: 6.793 Thread 0x000001c39a9ecc30 Thread added: 0x000001c3fbf56020
Event: 6.793 Thread 0x000001c39a9ecc30 Thread added: 0x000001c3fbf58780
Event: 6.793 Thread 0x000001c39a9ecc30 Thread added: 0x000001c3fbf55990
Event: 6.834 Thread 0x000001c39a9ecc30 Thread added: 0x000001c3fbf57a60
Event: 7.171 Thread 0x000001c39a9ecc30 Thread added: 0x000001c3fbf5a1c0
Event: 7.172 Thread 0x000001c39a9ecc30 Thread added: 0x000001c3fbf58e10


Dynamic libraries:
0x00007ff6e1390000 - 0x00007ff6e139e000 	c:\Users\88018\.vscode\extensions\redhat.java-1.51.0-win32-x64\jre\21.0.9-win32-x86_64\bin\java.exe
0x00007fff01480000 - 0x00007fff016e7000 	C:\WINDOWS\SYSTEM32\ntdll.dll
0x00007ffeff970000 - 0x00007ffeffa39000 	C:\WINDOWS\System32\KERNEL32.DLL
0x00007ffefe760000 - 0x00007ffefeb4f000 	C:\WINDOWS\System32\KERNELBASE.dll
0x00007ffeff0d0000 - 0x00007ffeff21b000 	C:\WINDOWS\System32\ucrtbase.dll
0x00007ffed33e0000 - 0x00007ffed33f8000 	c:\Users\88018\.vscode\extensions\redhat.java-1.51.0-win32-x64\jre\21.0.9-win32-x86_64\bin\jli.dll
0x00007ffee2d90000 - 0x00007ffee2dae000 	c:\Users\88018\.vscode\extensions\redhat.java-1.51.0-win32-x64\jre\21.0.9-win32-x86_64\bin\VCRUNTIME140.dll
0x00007fff01270000 - 0x00007fff01435000 	C:\WINDOWS\System32\USER32.dll
0x00007ffefe680000 - 0x00007ffefe6a7000 	C:\WINDOWS\System32\win32u.dll
0x00007ffeff4d0000 - 0x00007ffeff4fb000 	C:\WINDOWS\System32\GDI32.dll
0x00007ffefeb60000 - 0x00007ffefec8c000 	C:\WINDOWS\System32\gdi32full.dll
0x00007ffefe5d0000 - 0x00007ffefe673000 	C:\WINDOWS\System32\msvcp_win.dll
0x00007ffee3910000 - 0x00007ffee3ba3000 	C:\WINDOWS\WinSxS\amd64_microsoft.windows.common-controls_6595b64144ccf1df_6.0.26100.7309_none_3e05feeae336a044\COMCTL32.dll
0x00007fff00b90000 - 0x00007fff00c39000 	C:\WINDOWS\System32\msvcrt.dll
0x00007fff00960000 - 0x00007fff00991000 	C:\WINDOWS\System32\IMM32.DLL
0x00007ffefaf60000 - 0x00007ffefaf6c000 	c:\Users\88018\.vscode\extensions\redhat.java-1.51.0-win32-x64\jre\21.0.9-win32-x86_64\bin\vcruntime140_1.dll
0x00007ffec0f70000 - 0x00007ffec0ffd000 	c:\Users\88018\.vscode\extensions\redhat.java-1.51.0-win32-x64\jre\21.0.9-win32-x86_64\bin\msvcp140.dll
0x00007ffe4aa10000 - 0x00007ffe4b7b0000 	c:\Users\88018\.vscode\extensions\redhat.java-1.51.0-win32-x64\jre\21.0.9-win32-x86_64\bin\server\jvm.dll
0x00007ffeff410000 - 0x00007ffeff4c4000 	C:\WINDOWS\System32\ADVAPI32.dll
0x00007ffeffab0000 - 0x00007ffeffb56000 	C:\WINDOWS\System32\sechost.dll
0x00007ffeffff0000 - 0x00007fff00108000 	C:\WINDOWS\System32\RPCRT4.dll
0x00007ffeff6c0000 - 0x00007ffeff734000 	C:\WINDOWS\System32\WS2_32.dll
0x00007ffefe430000 - 0x00007ffefe48e000 	C:\WINDOWS\SYSTEM32\POWRPROF.dll
0x00007ffee60e0000 - 0x00007ffee6115000 	C:\WINDOWS\SYSTEM32\WINMM.dll
0x00007ffeeb720000 - 0x00007ffeeb72b000 	C:\WINDOWS\SYSTEM32\VERSION.dll
0x00007ffefe410000 - 0x00007ffefe424000 	C:\WINDOWS\SYSTEM32\UMPDC.dll
0x00007ffefd380000 - 0x00007ffefd39b000 	C:\WINDOWS\SYSTEM32\kernel.appcore.dll
0x00007ffee43e0000 - 0x00007ffee43ea000 	c:\Users\88018\.vscode\extensions\redhat.java-1.51.0-win32-x64\jre\21.0.9-win32-x86_64\bin\jimage.dll
0x00007ffefbc90000 - 0x00007ffefbed2000 	C:\WINDOWS\SYSTEM32\DBGHELP.DLL
0x00007fff00de0000 - 0x00007fff01165000 	C:\WINDOWS\System32\combase.dll
0x00007fff00880000 - 0x00007fff00956000 	C:\WINDOWS\System32\OLEAUT32.dll
0x00007ffedf200000 - 0x00007ffedf23c000 	C:\WINDOWS\SYSTEM32\dbgcore.DLL
0x00007ffefe6b0000 - 0x00007ffefe755000 	C:\WINDOWS\System32\bcryptPrimitives.dll
0x00007ffef6950000 - 0x00007ffef695f000 	c:\Users\88018\.vscode\extensions\redhat.java-1.51.0-win32-x64\jre\21.0.9-win32-x86_64\bin\instrument.dll
0x00007ffed32c0000 - 0x00007ffed32e0000 	c:\Users\88018\.vscode\extensions\redhat.java-1.51.0-win32-x64\jre\21.0.9-win32-x86_64\bin\java.dll
0x00007fff00120000 - 0x00007fff00873000 	C:\WINDOWS\System32\SHELL32.dll
0x00007ffefeed0000 - 0x00007ffeff03a000 	C:\WINDOWS\System32\wintypes.dll
0x00007ffefc1a0000 - 0x00007ffefc9fe000 	C:\WINDOWS\SYSTEM32\windows.storage.dll
0x00007fff01170000 - 0x00007fff01265000 	C:\WINDOWS\System32\SHCORE.dll
0x00007ffeffa40000 - 0x00007ffeffaa6000 	C:\WINDOWS\System32\shlwapi.dll
0x00007ffefe4f0000 - 0x00007ffefe519000 	C:\WINDOWS\SYSTEM32\profapi.dll
0x00007ffed32e0000 - 0x00007ffed32f8000 	c:\Users\88018\.vscode\extensions\redhat.java-1.51.0-win32-x64\jre\21.0.9-win32-x86_64\bin\zip.dll
0x00007ffee4250000 - 0x00007ffee4260000 	C:\Users\88018\.vscode\extensions\redhat.java-1.51.0-win32-x64\jre\21.0.9-win32-x86_64\bin\net.dll
0x00007ffeef970000 - 0x00007ffeefa98000 	C:\WINDOWS\SYSTEM32\WINHTTP.dll
0x00007ffefd8f0000 - 0x00007ffefd95b000 	C:\WINDOWS\system32\mswsock.dll
0x00007ffed0ef0000 - 0x00007ffed0f06000 	C:\Users\88018\.vscode\extensions\redhat.java-1.51.0-win32-x64\jre\21.0.9-win32-x86_64\bin\nio.dll
0x00007ffed6640000 - 0x00007ffed6650000 	c:\Users\88018\.vscode\extensions\redhat.java-1.51.0-win32-x64\jre\21.0.9-win32-x86_64\bin\verify.dll
0x00007ffeb7ca0000 - 0x00007ffeb7ce4000 	C:\Users\88018\AppData\Roaming\Code\User\globalStorage\redhat.java\1.51.0\config_win\org.eclipse.equinox.launcher\org.eclipse.equinox.launcher.win32.win32.x86_64_1.2.1400.v20250801-0854\eclipse_11916.dll
0x00007ffeff270000 - 0x00007ffeff407000 	C:\WINDOWS\System32\ole32.dll
0x00007ffefdbc0000 - 0x00007ffefdbdb000 	C:\WINDOWS\SYSTEM32\CRYPTSP.dll
0x00007ffefd2e0000 - 0x00007ffefd31a000 	C:\WINDOWS\system32\rsaenh.dll
0x00007ffefd9a0000 - 0x00007ffefd9cb000 	C:\WINDOWS\SYSTEM32\USERENV.dll
0x00007ffefe4c0000 - 0x00007ffefe4ea000 	C:\WINDOWS\SYSTEM32\bcrypt.dll
0x00007ffefdbb0000 - 0x00007ffefdbbc000 	C:\WINDOWS\SYSTEM32\CRYPTBASE.dll
0x00007ffefcdf0000 - 0x00007ffefce24000 	C:\WINDOWS\SYSTEM32\IPHLPAPI.DLL
0x00007ffeff830000 - 0x00007ffeff83a000 	C:\WINDOWS\System32\NSI.dll
0x00007ffeaeff0000 - 0x00007ffeaf039000 	C:\Users\88018\AppData\Local\Temp\jna-53433175\jna14580052551675285480.dll
0x00007fff009a0000 - 0x00007fff009a8000 	C:\WINDOWS\System32\PSAPI.DLL
0x00007ffef36f0000 - 0x00007ffef370e000 	C:\WINDOWS\SYSTEM32\dhcpcsvc6.DLL
0x00007ffeefaa0000 - 0x00007ffeefac3000 	C:\WINDOWS\SYSTEM32\dhcpcsvc.DLL

JVMTI agents:
c:\Users\88018\.vscode\extensions\redhat.java-1.51.0-win32-x64\lombok\lombok-1.18.39-4050.jar path:c:\Users\88018\.vscode\extensions\redhat.java-1.51.0-win32-x64\jre\21.0.9-win32-x86_64\bin\instrument.dll, loaded, initialized, instrumentlib options:none

dbghelp: loaded successfully - version: 4.0.5 - missing functions: none
symbol engine: initialized successfully - sym options: 0x614 - pdb path: .;c:\Users\88018\.vscode\extensions\redhat.java-1.51.0-win32-x64\jre\21.0.9-win32-x86_64\bin;C:\WINDOWS\SYSTEM32;C:\WINDOWS\WinSxS\amd64_microsoft.windows.common-controls_6595b64144ccf1df_6.0.26100.7309_none_3e05feeae336a044;c:\Users\88018\.vscode\extensions\redhat.java-1.51.0-win32-x64\jre\21.0.9-win32-x86_64\bin\server;C:\Users\88018\AppData\Roaming\Code\User\globalStorage\redhat.java\1.51.0\config_win\org.eclipse.equinox.launcher\org.eclipse.equinox.launcher.win32.win32.x86_64_1.2.1400.v20250801-0854;C:\Users\88018\AppData\Local\Temp\jna-53433175

VM Arguments:
jvm_args: --add-modules=ALL-SYSTEM --add-opens=java.base/java.util=ALL-UNNAMED --add-opens=java.base/java.lang=ALL-UNNAMED --add-opens=java.base/sun.nio.fs=ALL-UNNAMED -Declipse.application=org.eclipse.jdt.ls.core.id1 -Dosgi.bundles.defaultStartLevel=4 -Declipse.product=org.eclipse.jdt.ls.core.product -Djava.import.generatesMetadataFilesAtProjectRoot=false -DDetectVMInstallationsJob.disabled=true -Dfile.encoding=utf8 -XX:+UseParallelGC -XX:GCTimeRatio=4 -XX:AdaptiveSizePolicyWeight=90 -Dsun.zip.disableMemoryMapping=true -Xmx2G -Xms100m -Xlog:disable -javaagent:c:\Users\88018\.vscode\extensions\redhat.java-1.51.0-win32-x64\lombok\lombok-1.18.39-4050.jar -XX:+HeapDumpOnOutOfMemoryError -XX:HeapDumpPath=c:\Users\88018\AppData\Roaming\Code\User\workspaceStorage\d2e837351fd8ae200bb528c6219aa449\redhat.java -Daether.dependencyCollector.impl=bf 
java_command: c:\Users\88018\.vscode\extensions\redhat.java-1.51.0-win32-x64\server\plugins\org.eclipse.equinox.launcher_1.7.100.v20251111-0406.jar -configuration c:\Users\88018\AppData\Roaming\Code\User\globalStorage\redhat.java\1.51.0\config_win -data c:\Users\88018\AppData\Roaming\Code\User\workspaceStorage\d2e837351fd8ae200bb528c6219aa449\redhat.java\jdt_ws --pipe=\\.\pipe\lsp-173610a042ee26ddc7fcf7b653650994-sock
java_class_path (initial): c:\Users\88018\.vscode\extensions\redhat.java-1.51.0-win32-x64\server\plugins\org.eclipse.equinox.launcher_1.7.100.v20251111-0406.jar
Launcher Type: SUN_STANDARD

[Global flags]
    uintx AdaptiveSizePolicyWeight                 = 90                                        {product} {command line}
     intx CICompilerCount                          = 4                                         {product} {ergonomic}
    uintx GCTimeRatio                              = 4                                         {product} {command line}
     bool HeapDumpOnOutOfMemoryError               = true                                   {manageable} {command line}
    ccstr HeapDumpPath                             = c:\Users\88018\AppData\Roaming\Code\User\workspaceStorage\d2e837351fd8ae200bb528c6219aa449\redhat.java         {manageable} {command line}
   size_t InitialHeapSize                          = 104857600                                 {product} {command line}
   size_t MaxHeapSize                              = 2147483648                                {product} {command line}
   size_t MaxNewSize                               = 715653120                                 {product} {ergonomic}
   size_t MinHeapDeltaBytes                        = 524288                                    {product} {ergonomic}
   size_t MinHeapSize                              = 104857600                                 {product} {command line}
   size_t NewSize                                  = 34603008                                  {product} {ergonomic}
    uintx NonNMethodCodeHeapSize                   = 5839372                                {pd product} {ergonomic}
    uintx NonProfiledCodeHeapSize                  = 122909434                              {pd product} {ergonomic}
   size_t OldSize                                  = 70254592                                  {product} {ergonomic}
    uintx ProfiledCodeHeapSize                     = 122909434                              {pd product} {ergonomic}
    uintx ReservedCodeCacheSize                    = 251658240                              {pd product} {ergonomic}
     bool SegmentedCodeCache                       = true                                      {product} {ergonomic}
   size_t SoftMaxHeapSize                          = 2147483648                             {manageable} {ergonomic}
     bool UseCompressedOops                        = true                           {product lp64_product} {ergonomic}
     bool UseLargePagesIndividualAllocation        = false                                  {pd product} {ergonomic}
     bool UseParallelGC                            = true                                      {product} {command line}

Logging:
Log output configuration:
 #0: stdout all=off uptime,level,tags foldmultilines=false
 #1: stderr all=off uptime,level,tags foldmultilines=false

Release file:
JAVA_VERSION="21.0.9" 
MODULES="java.base java.compiler java.datatransfer java.xml java.prefs java.desktop java.instrument java.logging java.management java.security.sasl java.naming java.rmi java.management.rmi java.net.http java.scripting java.security.jgss java.transaction.xa java.sql java.sql.rowset java.xml.crypto java.se java.smartcardio jdk.accessibility jdk.internal.jvmstat jdk.attach jdk.charsets jdk.internal.opt jdk.zipfs jdk.compiler jdk.crypto.ec jdk.crypto.cryptoki jdk.crypto.mscapi jdk.dynalink jdk.internal.ed jdk.editpad jdk.hotspot.agent jdk.httpserver jdk.internal.le jdk.internal.vm.ci jdk.internal.vm.compiler jdk.internal.vm.compiler.management jdk.jartool jdk.javadoc jdk.jcmd jdk.management jdk.management.agent jdk.jconsole jdk.jdeps jdk.jdwp.agent jdk.jdi jdk.jfr jdk.jshell jdk.jsobject jdk.jstatd jdk.localedata jdk.management.jfr jdk.naming.dns jdk.naming.rmi jdk.net jdk.nio.mapmode jdk.random jdk.sctp jdk.security.auth jdk.security.jgss jdk.unsupported jdk.unsupported.desktop jdk.xml.dom" 

Environment Variables:
PATH=C:\Program Files\Python312\Scripts\;C:\Program Files\Python312\;C:\Program Files\Common Files\Oracle\Java\javapath;C:\Program Files (x86)\Common Files\Oracle\Java\javapath;C:\Windows\system32;C:\Windows;C:\Windows\System32\Wbem;C:\Windows\System32\WindowsPowerShell\v1.0\;C:\Windows\System32\OpenSSH\;C:\Program Files (x86)\NVIDIA Corporation\PhysX\Common;C:\Program Files\NVIDIA Corporation\NVIDIA NvDLISR;C:\WINDOWS\system32;C:\WINDOWS;C:\WINDOWS\System32\Wbem;C:\WINDOWS\System32\WindowsPowerShell\v1.0\;C:\WINDOWS\System32\OpenSSH\;C:\Java\jdk-20\bin;C:\Program Files\nodejs\;C:\Program Files\MySQL\MySQL Server 8.0\bin;E:\runtime\win64;E:\bin;E:\mtlab\bin;C:\Program Files\Git\cmd;D:\flutter\flutter\bin;D:\sdk_flutter\flutter\bin;C:\Users\88018\AppData\Local\Programs\Microsoft VS Code\bin
USERNAME=88018
OS=Windows_NT
PROCESSOR_IDENTIFIER=Intel64 Family 6 Model 140 Stepping 1, GenuineIntel
TMP=C:\Users\88018\AppData\Local\Temp
TEMP=C:\Users\88018\AppData\Local\Temp




Periodic native trim disabled

---------------  S Y S T E M  ---------------

OS:
 Windows 11 , 64 bit Build 26100 (10.0.26100.7309)
OS uptime: 3 days 3:09 hours
Hyper-V role detected

CPU: total 8 (initial active 8) (4 cores per cpu, 2 threads per core) family 6 model 140 stepping 1 microcode 0x86, cx8, cmov, fxsr, ht, mmx, 3dnowpref, sse, sse2, sse3, ssse3, sse4.1, sse4.2, popcnt, lzcnt, tsc, tscinvbit, avx, avx2, aes, erms, clmul, bmi1, bmi2, adx, avx512f, avx512dq, avx512cd, avx512bw, avx512vl, sha, fma, vzeroupper, avx512_vpopcntdq, avx512_vpclmulqdq, avx512_vaes, avx512_vnni, clflush, clflushopt, clwb, avx512_vbmi2, avx512_vbmi, hv, rdtscp, rdpid, fsrm, gfni, avx512_bitalg, f16c, cet_ibt, cet_ss, avx512_ifma
Processor Information for the first 8 processors :
  Max Mhz: 2419, Current Mhz: 2419, Mhz Limit: 2419

Memory: 4k page, system-wide physical 7886M (552M free)
TotalPageFile size 25678M (AvailPageFile size 27M)
current process WorkingSet (physical memory assigned to process): 214M, peak: 221M
current process commit charge ("private bytes"): 334M, peak: 343M

vm_info: OpenJDK 64-Bit Server VM (21.0.9+10-LTS) for windows-amd64 JRE (21.0.9+10-LTS), built on 2025-10-21T00:00:00Z by "admin" with unknown MS VC++:1942

END.
