#
# There is insufficient memory for the Java Runtime Environment to continue.
# Native memory allocation (malloc) failed to allocate 32744 bytes. Error detail: Chunk::new
# Possible reasons:
#   The system is out of physical RAM or swap space
#   This process is running with CompressedOops enabled, and the Java Heap may be blocking the growth of the native heap
# Possible solutions:
#   Reduce memory load on the system
#   Increase physical memory or swap space
#   Check if swap backing store is full
#   Decrease Java heap size (-Xmx/-Xms)
#   Decrease number of Java threads
#   Decrease Java thread stack sizes (-Xss)
#   Set larger code cache with -XX:ReservedCodeCacheSize=
#   JVM is running with Unscaled Compressed Oops mode in which the Java heap is
#     placed in the first 4GB address space. The Java Heap base address is the
#     maximum limit for the native heap growth. Please use -XX:HeapBaseMinAddress
#     to set the Java Heap base and to place the Java Heap above 4GB virtual address.
# This output file may be truncated or incomplete.
#
#  Out of Memory Error (arena.cpp:168), pid=19744, tid=8260
#
# JRE version: OpenJDK Runtime Environment Temurin-21.0.9+10 (21.0.9+10) (build 21.0.9+10-LTS)
# Java VM: OpenJDK 64-Bit Server VM Temurin-21.0.9+10 (21.0.9+10-LTS, mixed mode, sharing, tiered, compressed oops, compressed class ptrs, parallel gc, windows-amd64)
# No core dump will be written. Minidumps are not enabled by default on client versions of Windows
#

---------------  S U M M A R Y ------------

Command Line: --add-modules=ALL-SYSTEM --add-opens=java.base/java.util=ALL-UNNAMED --add-opens=java.base/java.lang=ALL-UNNAMED --add-opens=java.base/sun.nio.fs=ALL-UNNAMED -Declipse.application=org.eclipse.jdt.ls.core.id1 -Dosgi.bundles.defaultStartLevel=4 -Declipse.product=org.eclipse.jdt.ls.core.product -Djava.import.generatesMetadataFilesAtProjectRoot=false -DDetectVMInstallationsJob.disabled=true -Dfile.encoding=utf8 -XX:+UseParallelGC -XX:GCTimeRatio=4 -XX:AdaptiveSizePolicyWeight=90 -Dsun.zip.disableMemoryMapping=true -Xmx2G -Xms100m -Xlog:disable -javaagent:c:\Users\88018\.vscode\extensions\redhat.java-1.51.0-win32-x64\lombok\lombok-1.18.39-4050.jar c:\Users\88018\.vscode\extensions\redhat.java-1.51.0-win32-x64\server\plugins\org.eclipse.equinox.launcher_1.7.100.v20251111-0406.jar -configuration c:\Users\88018\AppData\Roaming\Code\User\globalStorage\redhat.java\1.51.0\config_ss_win -data c:\Users\88018\AppData\Roaming\Code\User\workspaceStorage\d2e837351fd8ae200bb528c6219aa449\redhat.java\ss_ws --pipe=\\.\pipe\lsp-b3229396f32a850e3fbcac73a506f32f-sock

Host: 11th Gen Intel(R) Core(TM) i5-1135G7 @ 2.40GHz, 8 cores, 7G,  Windows 11 , 64 bit Build 26100 (10.0.26100.7309)
Time: Thu Jan  8 20:08:13 2026 Bangladesh Standard Time elapsed time: 0.665803 seconds (0d 0h 0m 0s)

---------------  T H R E A D  ---------------

Current thread (0x000001a2c35273d0):  JavaThread "C1 CompilerThread0" daemon [_thread_in_native, id=8260, stack(0x0000005dd1300000,0x0000005dd1400000) (1024K)]


Current CompileTask:
C1:665  680       3       sun.invoke.util.VerifyType::isNullConversion (157 bytes)

Stack: [0x0000005dd1300000,0x0000005dd1400000]
Native frames: (J=compiled Java code, j=interpreted, Vv=VM code, C=native code)
V  [jvm.dll+0x6d6e29]
V  [jvm.dll+0x8b4b76]
V  [jvm.dll+0x8b712e]
V  [jvm.dll+0x8b7813]
V  [jvm.dll+0x283d86]
V  [jvm.dll+0xc66ed]
V  [jvm.dll+0xc6c31]
V  [jvm.dll+0x695284]
V  [jvm.dll+0x695e36]
V  [jvm.dll+0x695850]
V  [jvm.dll+0x1f55ad]
V  [jvm.dll+0x1669c5]
V  [jvm.dll+0x15aa44]
V  [jvm.dll+0x15ae33]
V  [jvm.dll+0x16abd8]
V  [jvm.dll+0x156845]
V  [jvm.dll+0x156b92]
V  [jvm.dll+0x156e44]
V  [jvm.dll+0x15625c]
V  [jvm.dll+0x157fed]
V  [jvm.dll+0x25b29d]
V  [jvm.dll+0x25982a]
V  [jvm.dll+0x3f7ea6]
V  [jvm.dll+0x85e9ad]
V  [jvm.dll+0x6d565d]
C  [ucrtbase.dll+0x37b0]
C  [KERNEL32.DLL+0x2e8d7]
C  [ntdll.dll+0x8c53c]


---------------  P R O C E S S  ---------------

Threads class SMR info:
_java_thread_list=0x000001a30a2a88b0, length=12, elements={
0x000001a2aab5b420, 0x000001a2c34eacc0, 0x000001a2c34ee2a0, 0x000001a2c34f0290,
0x000001a2c34f2df0, 0x000001a2c34f4600, 0x000001a2c34f5050, 0x000001a2c34f6df0,
0x000001a2c35273d0, 0x000001a30a1bb920, 0x000001a30a20d440, 0x000001a30a37cb30
}

Java Threads: ( => current thread )
  0x000001a2aab5b420 JavaThread "main"                              [_thread_in_Java, id=6100, stack(0x0000005dd0800000,0x0000005dd0900000) (1024K)]
  0x000001a2c34eacc0 JavaThread "Reference Handler"          daemon [_thread_blocked, id=12508, stack(0x0000005dd0c00000,0x0000005dd0d00000) (1024K)]
  0x000001a2c34ee2a0 JavaThread "Finalizer"                  daemon [_thread_blocked, id=8980, stack(0x0000005dd0d00000,0x0000005dd0e00000) (1024K)]
  0x000001a2c34f0290 JavaThread "Signal Dispatcher"          daemon [_thread_blocked, id=15920, stack(0x0000005dd0e00000,0x0000005dd0f00000) (1024K)]
  0x000001a2c34f2df0 JavaThread "Attach Listener"            daemon [_thread_blocked, id=18872, stack(0x0000005dd0f00000,0x0000005dd1000000) (1024K)]
  0x000001a2c34f4600 JavaThread "Service Thread"             daemon [_thread_blocked, id=10692, stack(0x0000005dd1000000,0x0000005dd1100000) (1024K)]
  0x000001a2c34f5050 JavaThread "Monitor Deflation Thread"   daemon [_thread_blocked, id=4420, stack(0x0000005dd1100000,0x0000005dd1200000) (1024K)]
  0x000001a2c34f6df0 JavaThread "C2 CompilerThread0"         daemon [_thread_in_native, id=20100, stack(0x0000005dd1200000,0x0000005dd1300000) (1024K)]
=>0x000001a2c35273d0 JavaThread "C1 CompilerThread0"         daemon [_thread_in_native, id=8260, stack(0x0000005dd1300000,0x0000005dd1400000) (1024K)]
  0x000001a30a1bb920 JavaThread "C2 CompilerThread1"         daemon [_thread_in_native, id=7724, stack(0x0000005dd1400000,0x0000005dd1500000) (1024K)]
  0x000001a30a20d440 JavaThread "Common-Cleaner"             daemon [_thread_blocked, id=18268, stack(0x0000005dd1500000,0x0000005dd1600000) (1024K)]
  0x000001a30a37cb30 JavaThread "Notification Thread"        daemon [_thread_blocked, id=14988, stack(0x0000005dd1600000,0x0000005dd1700000) (1024K)]
Total: 12

Other Threads:
  0x000001a2c34d25d0 VMThread "VM Thread"                           [id=19368, stack(0x0000005dd0b00000,0x0000005dd0c00000) (1024K)]
  0x000001a2aabc7410 WatcherThread "VM Periodic Task Thread"        [id=1968, stack(0x0000005dd0a00000,0x0000005dd0b00000) (1024K)]
  0x000001a2aab79c30 WorkerThread "GC Thread#0"                     [id=13740, stack(0x0000005dd0900000,0x0000005dd0a00000) (1024K)]
Total: 3

Threads with active compile tasks:
C2 CompilerThread0  688  666       4       lombok.patcher.PatchScript::classMatches (41 bytes)
C1 CompilerThread0  688  680       3       sun.invoke.util.VerifyType::isNullConversion (157 bytes)
C2 CompilerThread1  688  665       4       lombok.patcher.scripts.MethodLevelPatchScript::patch (21 bytes)
Total: 3

VM state: not at safepoint (normal execution)

VM Mutex/Monitor currently owned by a thread: None

Heap address: 0x0000000080000000, size: 2048 MB, Compressed Oops mode: 32-bit

CDS archive(s) mapped at: [0x000001a2c4000000-0x000001a2c4ba0000-0x000001a2c4ba0000), size 12189696, SharedBaseAddress: 0x000001a2c4000000, ArchiveRelocationMode: 1.
Compressed class space mapped at: 0x000001a2c5000000-0x000001a305000000, reserved size: 1073741824
Narrow klass base: 0x000001a2c4000000, Narrow klass shift: 0, Narrow klass range: 0x100000000

GC Precious Log:
 CardTable entry size: 512
 CPUs: 8 total, 8 available
 Memory: 7886M
 Large Page Support: Disabled
 NUMA Support: Disabled
 Compressed Oops: Enabled (32-bit)
 Alignments: Space 512K, Generation 512K, Heap 2M
 Heap Min Capacity: 100M
 Heap Initial Capacity: 100M
 Heap Max Capacity: 2G
 Pre-touch: Disabled
 Parallel Workers: 8

Heap:
 PSYoungGen      total 29696K, used 14558K [0x00000000d5580000, 0x00000000d7680000, 0x0000000100000000)
  eden space 25600K, 56% used [0x00000000d5580000,0x00000000d63b7990,0x00000000d6e80000)
  from space 4096K, 0% used [0x00000000d7280000,0x00000000d7280000,0x00000000d7680000)
  to   space 4096K, 0% used [0x00000000d6e80000,0x00000000d6e80000,0x00000000d7280000)
 ParOldGen       total 68608K, used 0K [0x0000000080000000, 0x0000000084300000, 0x00000000d5580000)
  object space 68608K, 0% used [0x0000000080000000,0x0000000080000000,0x0000000084300000)
 Metaspace       used 2760K, committed 2944K, reserved 1114112K
  class space    used 288K, committed 384K, reserved 1048576K

Card table byte_map: [0x000001a2be840000,0x000001a2bec50000] _byte_map_base: 0x000001a2be440000

Marking Bits: (ParMarkBitMap*) 0x00007ffe4b6d2460
 Begin Bits: [0x000001a2bef00000, 0x000001a2c0f00000)
 End Bits:   [0x000001a2c0f00000, 0x000001a2c2f00000)

Polling page: 0x000001a2aac30000

Metaspace:

Usage:
  Non-class:      2.41 MB used.
      Class:    288.91 KB used.
       Both:      2.70 MB used.

Virtual space:
  Non-class space:       64.00 MB reserved,       2.50 MB (  4%) committed,  1 nodes.
      Class space:        1.00 GB reserved,     384.00 KB ( <1%) committed,  1 nodes.
             Both:        1.06 GB reserved,       2.88 MB ( <1%) committed. 

Chunk freelists:
   Non-Class:  11.65 MB
       Class:  15.67 MB
        Both:  27.32 MB

MaxMetaspaceSize: unlimited
CompressedClassSpaceSize: 1.00 GB
Initial GC threshold: 21.00 MB
Current GC threshold: 21.00 MB
CDS: on
 - commit_granule_bytes: 65536.
 - commit_granule_words: 8192.
 - virtual_space_node_default_size: 8388608.
 - enlarge_chunks_in_place: 1.
 - use_allocation_guard: 0.


Internal statistics:

num_allocs_failed_limit: 0.
num_arena_births: 80.
num_arena_deaths: 0.
num_vsnodes_births: 2.
num_vsnodes_deaths: 0.
num_space_committed: 46.
num_space_uncommitted: 0.
num_chunks_returned_to_freelist: 0.
num_chunks_taken_from_freelist: 102.
num_chunk_merges: 0.
num_chunk_splits: 72.
num_chunks_enlarged: 46.
num_inconsistent_stats: 0.

CodeHeap 'non-profiled nmethods': size=120000Kb used=246Kb max_used=246Kb free=119753Kb
 bounds [0x000001a2b7120000, 0x000001a2b7390000, 0x000001a2be650000]
CodeHeap 'profiled nmethods': size=120000Kb used=998Kb max_used=998Kb free=119001Kb
 bounds [0x000001a2af650000, 0x000001a2af8c0000, 0x000001a2b6b80000]
CodeHeap 'non-nmethods': size=5760Kb used=1193Kb max_used=1211Kb free=4566Kb
 bounds [0x000001a2b6b80000, 0x000001a2b6df0000, 0x000001a2b7120000]
CodeCache: size=245760Kb, used=2437Kb, max_used=2455Kb, free=243320Kb
 total_blobs=1115, nmethods=675, adapters=347, full_count=0
Compilation: enabled, stopped_count=0, restarted_count=0

Compilation events (20 events):
Event: 0.650 Thread 0x000001a2c35273d0 nmethod 667 0x000001a2af745f10 code [0x000001a2af7460a0, 0x000001a2af7461b0]
Event: 0.651 Thread 0x000001a2c35273d0  668       3       java.util.jar.Manifest$FastInputStream::readLine (296 bytes)
Event: 0.652 Thread 0x000001a2c35273d0 nmethod 668 0x000001a2af746210 code [0x000001a2af746440, 0x000001a2af746ca8]
Event: 0.652 Thread 0x000001a2c35273d0  669       3       java.util.LinkedHashMap::newNode (23 bytes)
Event: 0.652 Thread 0x000001a2c35273d0 nmethod 669 0x000001a2af747010 code [0x000001a2af7471c0, 0x000001a2af7473c0]
Event: 0.652 Thread 0x000001a2c35273d0  670       3       java.util.LinkedHashMap$Entry::<init> (10 bytes)
Event: 0.652 Thread 0x000001a2c35273d0 nmethod 670 0x000001a2af747510 code [0x000001a2af7476c0, 0x000001a2af7478c8]
Event: 0.655 Thread 0x000001a2c35273d0  673       3       sun.invoke.util.Wrapper::forPrimitiveType (122 bytes)
Event: 0.656 Thread 0x000001a2c35273d0 nmethod 673 0x000001a2af747a10 code [0x000001a2af747ce0, 0x000001a2af7487c0]
Event: 0.656 Thread 0x000001a2c35273d0  676       3       java.lang.Integer::rotateRight (9 bytes)
Event: 0.656 Thread 0x000001a2c35273d0 nmethod 676 0x000001a2af748a90 code [0x000001a2af748c20, 0x000001a2af748d20]
Event: 0.656 Thread 0x000001a2c35273d0  674   !   3       java.lang.invoke.MemberName::clone (14 bytes)
Event: 0.656 Thread 0x000001a2c35273d0 nmethod 674 0x000001a2af748d90 code [0x000001a2af748f60, 0x000001a2af7492b8]
Event: 0.656 Thread 0x000001a30a1bb920 nmethod 640 0x000001a2b715c890 code [0x000001a2b715caa0, 0x000001a2b715d1e0]
Event: 0.657 Thread 0x000001a30a1bb920  671       4       java.lang.AbstractStringBuilder::isLatin1 (19 bytes)
Event: 0.657 Thread 0x000001a30a1bb920 nmethod 671 0x000001a2b715d690 code [0x000001a2b715d820, 0x000001a2b715d8d0]
Event: 0.657 Thread 0x000001a30a1bb920  665       4       lombok.patcher.scripts.MethodLevelPatchScript::patch (21 bytes)
Event: 0.662 Thread 0x000001a2c35273d0  678       3       jdk.internal.org.objectweb.asm.SymbolTable::hash (15 bytes)
Event: 0.663 Thread 0x000001a2c35273d0 nmethod 678 0x000001a2af749410 code [0x000001a2af7495c0, 0x000001a2af749740]
Event: 0.663 Thread 0x000001a2c35273d0  680       3       sun.invoke.util.VerifyType::isNullConversion (157 bytes)

GC Heap History (0 events):
No events

Dll operation events (8 events):
Event: 0.011 Loaded shared library c:\Users\88018\.vscode\extensions\redhat.java-1.51.0-win32-x64\jre\21.0.9-win32-x86_64\bin\java.dll
Event: 0.152 Loaded shared library c:\Users\88018\.vscode\extensions\redhat.java-1.51.0-win32-x64\jre\21.0.9-win32-x86_64\bin\zip.dll
Event: 0.197 Loaded shared library C:\Users\88018\.vscode\extensions\redhat.java-1.51.0-win32-x64\jre\21.0.9-win32-x86_64\bin\instrument.dll
Event: 0.205 Loaded shared library C:\Users\88018\.vscode\extensions\redhat.java-1.51.0-win32-x64\jre\21.0.9-win32-x86_64\bin\net.dll
Event: 0.209 Loaded shared library C:\Users\88018\.vscode\extensions\redhat.java-1.51.0-win32-x64\jre\21.0.9-win32-x86_64\bin\nio.dll
Event: 0.230 Loaded shared library C:\Users\88018\.vscode\extensions\redhat.java-1.51.0-win32-x64\jre\21.0.9-win32-x86_64\bin\zip.dll
Event: 0.257 Loaded shared library C:\Users\88018\.vscode\extensions\redhat.java-1.51.0-win32-x64\jre\21.0.9-win32-x86_64\bin\jimage.dll
Event: 0.387 Loaded shared library c:\Users\88018\.vscode\extensions\redhat.java-1.51.0-win32-x64\jre\21.0.9-win32-x86_64\bin\verify.dll

Deoptimization events (20 events):
Event: 0.607 Thread 0x000001a2aab5b420 Uncommon trap: trap_request=0xffffffde fr.pc=0x000001a2b7153d4c relative=0x000000000000012c
Event: 0.607 Thread 0x000001a2aab5b420 Uncommon trap: reason=class_check action=maybe_recompile pc=0x000001a2b7153d4c method=jdk.internal.misc.Unsafe.allocateUninitializedArray(Ljava/lang/Class;I)Ljava/lang/Object; @ 51 c2
Event: 0.607 Thread 0x000001a2aab5b420 DEOPT PACKING pc=0x000001a2b7153d4c sp=0x0000005dd08fbc30
Event: 0.607 Thread 0x000001a2aab5b420 DEOPT UNPACKING pc=0x000001a2b6bd6da2 sp=0x0000005dd08fbba8 mode 2
Event: 0.607 Thread 0x000001a2aab5b420 Uncommon trap: trap_request=0xffffffde fr.pc=0x000001a2b7153d4c relative=0x000000000000012c
Event: 0.607 Thread 0x000001a2aab5b420 Uncommon trap: reason=class_check action=maybe_recompile pc=0x000001a2b7153d4c method=jdk.internal.misc.Unsafe.allocateUninitializedArray(Ljava/lang/Class;I)Ljava/lang/Object; @ 51 c2
Event: 0.607 Thread 0x000001a2aab5b420 DEOPT PACKING pc=0x000001a2b7153d4c sp=0x0000005dd08fbcc0
Event: 0.607 Thread 0x000001a2aab5b420 DEOPT UNPACKING pc=0x000001a2b6bd6da2 sp=0x0000005dd08fbc38 mode 2
Event: 0.607 Thread 0x000001a2aab5b420 Uncommon trap: trap_request=0xffffffde fr.pc=0x000001a2b7153d4c relative=0x000000000000012c
Event: 0.607 Thread 0x000001a2aab5b420 Uncommon trap: reason=class_check action=maybe_recompile pc=0x000001a2b7153d4c method=jdk.internal.misc.Unsafe.allocateUninitializedArray(Ljava/lang/Class;I)Ljava/lang/Object; @ 51 c2
Event: 0.607 Thread 0x000001a2aab5b420 DEOPT PACKING pc=0x000001a2b7153d4c sp=0x0000005dd08fc730
Event: 0.607 Thread 0x000001a2aab5b420 DEOPT UNPACKING pc=0x000001a2b6bd6da2 sp=0x0000005dd08fc6a8 mode 2
Event: 0.615 Thread 0x000001a2aab5b420 Uncommon trap: trap_request=0xffffff45 fr.pc=0x000001a2b71519ec relative=0x000000000000014c
Event: 0.615 Thread 0x000001a2aab5b420 Uncommon trap: reason=unstable_if action=reinterpret pc=0x000001a2b71519ec method=jdk.internal.util.ArraysSupport.vectorizedHashCode(Ljava/lang/Object;IIII)I @ 2 c2
Event: 0.615 Thread 0x000001a2aab5b420 DEOPT PACKING pc=0x000001a2b71519ec sp=0x0000005dd08fd1e0
Event: 0.615 Thread 0x000001a2aab5b420 DEOPT UNPACKING pc=0x000001a2b6bd6da2 sp=0x0000005dd08fd190 mode 2
Event: 0.623 Thread 0x000001a2aab5b420 Uncommon trap: trap_request=0xffffff45 fr.pc=0x000001a2b7140d74 relative=0x00000000000000d4
Event: 0.623 Thread 0x000001a2aab5b420 Uncommon trap: reason=unstable_if action=reinterpret pc=0x000001a2b7140d74 method=java.net.URI.match(CJJ)Z @ 45 c2
Event: 0.623 Thread 0x000001a2aab5b420 DEOPT PACKING pc=0x000001a2b7140d74 sp=0x0000005dd08fd360
Event: 0.623 Thread 0x000001a2aab5b420 DEOPT UNPACKING pc=0x000001a2b6bd6da2 sp=0x0000005dd08fd2c8 mode 2

Classes loaded (20 events):
Event: 0.658 Loading class jdk/internal/icu/impl/NormalizerImpl done
Event: 0.658 Loading class jdk/internal/icu/impl/NormalizerImpl$IsAcceptable
Event: 0.659 Loading class jdk/internal/icu/impl/ICUBinary$Authenticate
Event: 0.659 Loading class jdk/internal/icu/impl/ICUBinary$Authenticate done
Event: 0.659 Loading class jdk/internal/icu/impl/NormalizerImpl$IsAcceptable done
Event: 0.659 Loading class jdk/internal/icu/impl/ICUBinary
Event: 0.659 Loading class jdk/internal/icu/impl/ICUBinary done
Event: 0.659 Loading class jdk/internal/icu/impl/ICUBinary$1
Event: 0.659 Loading class jdk/internal/icu/impl/ICUBinary$1 done
Event: 0.659 Loading class jdk/internal/jimage/ImageBufferCache
Event: 0.659 Loading class jdk/internal/jimage/ImageBufferCache done
Event: 0.659 Loading class jdk/internal/jimage/ImageBufferCache$1
Event: 0.659 Loading class jdk/internal/jimage/ImageBufferCache$1 done
Event: 0.659 Loading class jdk/internal/jimage/ImageBufferCache$2
Event: 0.659 Loading class jdk/internal/jimage/ImageBufferCache$2 done
Event: 0.659 Loading class java/util/AbstractMap$SimpleEntry
Event: 0.660 Loading class java/util/AbstractMap$SimpleEntry done
Event: 0.660 Loading class jdk/internal/jimage/decompressor/ResourceDecompressor$StringsProvider
Event: 0.660 Loading class jdk/internal/jimage/decompressor/ResourceDecompressor$StringsProvider done
Event: 0.663 Loading class jdk/internal/jimage/decompressor/CompressedResourceHeader

Classes unloaded (0 events):
No events

Classes redefined (0 events):
No events

Internal exceptions (12 events):
Event: 0.141 Thread 0x000001a2aab5b420 Exception <a 'java/lang/NoSuchMethodError'{0x00000000d57a9100}: 'void java.lang.invoke.DirectMethodHandle$Holder.invokeStatic(java.lang.Object, java.lang.Object, java.lang.Object)'> (0x00000000d57a9100) 
thrown [s\src\hotspot\share\interpreter\linkResolver.cpp, line 773]
Event: 0.249 Thread 0x000001a2aab5b420 Exception <a 'java/lang/NoSuchMethodError'{0x00000000d5911b78}: 'java.lang.Object java.lang.invoke.Invokers$Holder.invokeExact_MT(java.lang.Object, java.lang.Object, java.lang.Object, java.lang.Object, java.lang.Object)'> (0x00000000d5911b78) 
thrown [s\src\hotspot\share\interpreter\linkResolver.cpp, line 773]
Event: 0.319 Thread 0x000001a2aab5b420 Exception <a 'java/lang/NoSuchMethodError'{0x00000000d59ca5f0}: 'int java.lang.invoke.DirectMethodHandle$Holder.invokeSpecial(java.lang.Object, java.lang.Object, java.lang.Object, int)'> (0x00000000d59ca5f0) 
thrown [s\src\hotspot\share\interpreter\linkResolver.cpp, line 773]
Event: 0.322 Thread 0x000001a2aab5b420 Exception <a 'java/lang/NoSuchMethodError'{0x00000000d59dcfd8}: 'java.lang.Object java.lang.invoke.DirectMethodHandle$Holder.invokeStatic(java.lang.Object, java.lang.Object, java.lang.Object, java.lang.Object, int)'> (0x00000000d59dcfd8) 
thrown [s\src\hotspot\share\interpreter\linkResolver.cpp, line 773]
Event: 0.324 Thread 0x000001a2aab5b420 Exception <a 'java/lang/NoSuchMethodError'{0x00000000d59e8418}: 'void java.lang.invoke.DelegatingMethodHandle$Holder.reinvoke_L(java.lang.Object, java.lang.Object, java.lang.Object, int, java.lang.Object)'> (0x00000000d59e8418) 
thrown [s\src\hotspot\share\interpreter\linkResolver.cpp, line 773]
Event: 0.331 Thread 0x000001a2aab5b420 Exception <a 'java/lang/NoSuchMethodError'{0x00000000d59f8d68}: 'int java.lang.invoke.DirectMethodHandle$Holder.invokeSpecial(java.lang.Object, java.lang.Object, java.lang.Object)'> (0x00000000d59f8d68) 
thrown [s\src\hotspot\share\interpreter\linkResolver.cpp, line 773]
Event: 0.334 Thread 0x000001a2aab5b420 Exception <a 'java/lang/NoSuchMethodError'{0x00000000d5a04a28}: 'java.lang.Object java.lang.invoke.DirectMethodHandle$Holder.invokeStatic(java.lang.Object, java.lang.Object, int)'> (0x00000000d5a04a28) 
thrown [s\src\hotspot\share\interpreter\linkResolver.cpp, line 773]
Event: 0.335 Thread 0x000001a2aab5b420 Exception <a 'java/lang/NoSuchMethodError'{0x00000000d5a09378}: 'void java.lang.invoke.DirectMethodHandle$Holder.invokeStatic(java.lang.Object, java.lang.Object, int, java.lang.Object)'> (0x00000000d5a09378) 
thrown [s\src\hotspot\share\interpreter\linkResolver.cpp, line 773]
Event: 0.336 Thread 0x000001a2aab5b420 Exception <a 'java/lang/NoSuchMethodError'{0x00000000d5a0cf08}: 'void java.lang.invoke.DirectMethodHandle$Holder.invokeSpecial(java.lang.Object, java.lang.Object, java.lang.Object, int, java.lang.Object)'> (0x00000000d5a0cf08) 
thrown [s\src\hotspot\share\interpreter\linkResolver.cpp, line 773]
Event: 0.336 Thread 0x000001a2aab5b420 Exception <a 'java/lang/NoSuchMethodError'{0x00000000d5a10378}: 'void java.lang.invoke.DelegatingMethodHandle$Holder.delegate(java.lang.Object, java.lang.Object, int, java.lang.Object)'> (0x00000000d5a10378) 
thrown [s\src\hotspot\share\interpreter\linkResolver.cpp, line 773]
Event: 0.423 Thread 0x000001a2aab5b420 Exception <a 'java/lang/NoSuchMethodError'{0x00000000d5bd05a8}: 'void java.lang.invoke.DelegatingMethodHandle$Holder.reinvoke_L(java.lang.Object, java.lang.Object, java.lang.Object, int)'> (0x00000000d5bd05a8) 
thrown [s\src\hotspot\share\interpreter\linkResolver.cpp, line 773]
Event: 0.606 Thread 0x000001a2aab5b420 Exception <a 'java/lang/NoSuchMethodError'{0x00000000d6061188}: 'void java.lang.invoke.DirectMethodHandle$Holder.invokeVirtual(java.lang.Object, java.lang.Object)'> (0x00000000d6061188) 
thrown [s\src\hotspot\share\interpreter\linkResolver.cpp, line 773]

ZGC Phase Switch (0 events):
No events

VM Operations (4 events):
Event: 0.145 Executing VM operation: HandshakeAllThreads (Deoptimize)
Event: 0.146 Executing VM operation: HandshakeAllThreads (Deoptimize) done
Event: 0.279 Executing VM operation: HandshakeAllThreads (Deoptimize)
Event: 0.279 Executing VM operation: HandshakeAllThreads (Deoptimize) done

Memory protections (0 events):
No events

Nmethod flushes (0 events):
No events

Events (12 events):
Event: 0.035 Thread 0x000001a2aab5b420 Thread added: 0x000001a2aab5b420
Event: 0.059 Thread 0x000001a2aab5b420 Thread added: 0x000001a2c34eacc0
Event: 0.059 Thread 0x000001a2aab5b420 Thread added: 0x000001a2c34ee2a0
Event: 0.060 Thread 0x000001a2aab5b420 Thread added: 0x000001a2c34f0290
Event: 0.060 Thread 0x000001a2aab5b420 Thread added: 0x000001a2c34f2df0
Event: 0.060 Thread 0x000001a2aab5b420 Thread added: 0x000001a2c34f4600
Event: 0.060 Thread 0x000001a2aab5b420 Thread added: 0x000001a2c34f5050
Event: 0.060 Thread 0x000001a2aab5b420 Thread added: 0x000001a2c34f6df0
Event: 0.067 Thread 0x000001a2aab5b420 Thread added: 0x000001a2c35273d0
Event: 0.172 Thread 0x000001a2c35273d0 Thread added: 0x000001a30a1bb920
Event: 0.200 Thread 0x000001a2aab5b420 Thread added: 0x000001a30a20d440
Event: 0.537 Thread 0x000001a2aab5b420 Thread added: 0x000001a30a37cb30


Dynamic libraries:
0x00007ff6e1390000 - 0x00007ff6e139e000 	c:\Users\88018\.vscode\extensions\redhat.java-1.51.0-win32-x64\jre\21.0.9-win32-x86_64\bin\java.exe
0x00007fff01480000 - 0x00007fff016e7000 	C:\WINDOWS\SYSTEM32\ntdll.dll
0x00007ffeff970000 - 0x00007ffeffa39000 	C:\WINDOWS\System32\KERNEL32.DLL
0x00007ffefe760000 - 0x00007ffefeb4f000 	C:\WINDOWS\System32\KERNELBASE.dll
0x00007ffeff0d0000 - 0x00007ffeff21b000 	C:\WINDOWS\System32\ucrtbase.dll
0x00007ffee2d90000 - 0x00007ffee2dae000 	c:\Users\88018\.vscode\extensions\redhat.java-1.51.0-win32-x64\jre\21.0.9-win32-x86_64\bin\VCRUNTIME140.dll
0x00007ffed33e0000 - 0x00007ffed33f8000 	c:\Users\88018\.vscode\extensions\redhat.java-1.51.0-win32-x64\jre\21.0.9-win32-x86_64\bin\jli.dll
0x00007fff01270000 - 0x00007fff01435000 	C:\WINDOWS\System32\USER32.dll
0x00007ffee3910000 - 0x00007ffee3ba3000 	C:\WINDOWS\WinSxS\amd64_microsoft.windows.common-controls_6595b64144ccf1df_6.0.26100.7309_none_3e05feeae336a044\COMCTL32.dll
0x00007ffefe680000 - 0x00007ffefe6a7000 	C:\WINDOWS\System32\win32u.dll
0x00007fff00b90000 - 0x00007fff00c39000 	C:\WINDOWS\System32\msvcrt.dll
0x00007ffeff4d0000 - 0x00007ffeff4fb000 	C:\WINDOWS\System32\GDI32.dll
0x00007ffefeb60000 - 0x00007ffefec8c000 	C:\WINDOWS\System32\gdi32full.dll
0x00007ffefe5d0000 - 0x00007ffefe673000 	C:\WINDOWS\System32\msvcp_win.dll
0x00007fff00960000 - 0x00007fff00991000 	C:\WINDOWS\System32\IMM32.DLL
0x00007ffefaf60000 - 0x00007ffefaf6c000 	c:\Users\88018\.vscode\extensions\redhat.java-1.51.0-win32-x64\jre\21.0.9-win32-x86_64\bin\vcruntime140_1.dll
0x00007ffec0f70000 - 0x00007ffec0ffd000 	c:\Users\88018\.vscode\extensions\redhat.java-1.51.0-win32-x64\jre\21.0.9-win32-x86_64\bin\msvcp140.dll
0x00007ffe4aa10000 - 0x00007ffe4b7b0000 	c:\Users\88018\.vscode\extensions\redhat.java-1.51.0-win32-x64\jre\21.0.9-win32-x86_64\bin\server\jvm.dll
0x00007ffeff410000 - 0x00007ffeff4c4000 	C:\WINDOWS\System32\ADVAPI32.dll
0x00007ffeffab0000 - 0x00007ffeffb56000 	C:\WINDOWS\System32\sechost.dll
0x00007ffeffff0000 - 0x00007fff00108000 	C:\WINDOWS\System32\RPCRT4.dll
0x00007ffeff6c0000 - 0x00007ffeff734000 	C:\WINDOWS\System32\WS2_32.dll
0x00007ffefe430000 - 0x00007ffefe48e000 	C:\WINDOWS\SYSTEM32\POWRPROF.dll
0x00007ffee60e0000 - 0x00007ffee6115000 	C:\WINDOWS\SYSTEM32\WINMM.dll
0x00007ffeeb720000 - 0x00007ffeeb72b000 	C:\WINDOWS\SYSTEM32\VERSION.dll
0x00007ffefe410000 - 0x00007ffefe424000 	C:\WINDOWS\SYSTEM32\UMPDC.dll
0x00007ffefd380000 - 0x00007ffefd39b000 	C:\WINDOWS\SYSTEM32\kernel.appcore.dll
0x00007ffee43e0000 - 0x00007ffee43ea000 	c:\Users\88018\.vscode\extensions\redhat.java-1.51.0-win32-x64\jre\21.0.9-win32-x86_64\bin\jimage.dll
0x00007ffefbc90000 - 0x00007ffefbed2000 	C:\WINDOWS\SYSTEM32\DBGHELP.DLL
0x00007fff00de0000 - 0x00007fff01165000 	C:\WINDOWS\System32\combase.dll
0x00007fff00880000 - 0x00007fff00956000 	C:\WINDOWS\System32\OLEAUT32.dll
0x00007ffedf200000 - 0x00007ffedf23c000 	C:\WINDOWS\SYSTEM32\dbgcore.DLL
0x00007ffefe6b0000 - 0x00007ffefe755000 	C:\WINDOWS\System32\bcryptPrimitives.dll
0x00007ffef6950000 - 0x00007ffef695f000 	c:\Users\88018\.vscode\extensions\redhat.java-1.51.0-win32-x64\jre\21.0.9-win32-x86_64\bin\instrument.dll
0x00007ffed32c0000 - 0x00007ffed32e0000 	c:\Users\88018\.vscode\extensions\redhat.java-1.51.0-win32-x64\jre\21.0.9-win32-x86_64\bin\java.dll
0x00007fff00120000 - 0x00007fff00873000 	C:\WINDOWS\System32\SHELL32.dll
0x00007ffefeed0000 - 0x00007ffeff03a000 	C:\WINDOWS\System32\wintypes.dll
0x00007ffefc1a0000 - 0x00007ffefc9fe000 	C:\WINDOWS\SYSTEM32\windows.storage.dll
0x00007fff01170000 - 0x00007fff01265000 	C:\WINDOWS\System32\SHCORE.dll
0x00007ffeffa40000 - 0x00007ffeffaa6000 	C:\WINDOWS\System32\shlwapi.dll
0x00007ffefe4f0000 - 0x00007ffefe519000 	C:\WINDOWS\SYSTEM32\profapi.dll
0x00007ffed32e0000 - 0x00007ffed32f8000 	c:\Users\88018\.vscode\extensions\redhat.java-1.51.0-win32-x64\jre\21.0.9-win32-x86_64\bin\zip.dll
0x00007ffee4250000 - 0x00007ffee4260000 	C:\Users\88018\.vscode\extensions\redhat.java-1.51.0-win32-x64\jre\21.0.9-win32-x86_64\bin\net.dll
0x00007ffeef970000 - 0x00007ffeefa98000 	C:\WINDOWS\SYSTEM32\WINHTTP.dll
0x00007ffefd8f0000 - 0x00007ffefd95b000 	C:\WINDOWS\system32\mswsock.dll
0x00007ffed0ef0000 - 0x00007ffed0f06000 	C:\Users\88018\.vscode\extensions\redhat.java-1.51.0-win32-x64\jre\21.0.9-win32-x86_64\bin\nio.dll
0x00007ffed6640000 - 0x00007ffed6650000 	c:\Users\88018\.vscode\extensions\redhat.java-1.51.0-win32-x64\jre\21.0.9-win32-x86_64\bin\verify.dll

JVMTI agents:
c:\Users\88018\.vscode\extensions\redhat.java-1.51.0-win32-x64\lombok\lombok-1.18.39-4050.jar path:c:\Users\88018\.vscode\extensions\redhat.java-1.51.0-win32-x64\jre\21.0.9-win32-x86_64\bin\instrument.dll, loaded, initialized, instrumentlib options:none

dbghelp: loaded successfully - version: 4.0.5 - missing functions: none
symbol engine: initialized successfully - sym options: 0x614 - pdb path: .;c:\Users\88018\.vscode\extensions\redhat.java-1.51.0-win32-x64\jre\21.0.9-win32-x86_64\bin;C:\WINDOWS\SYSTEM32;C:\WINDOWS\WinSxS\amd64_microsoft.windows.common-controls_6595b64144ccf1df_6.0.26100.7309_none_3e05feeae336a044;c:\Users\88018\.vscode\extensions\redhat.java-1.51.0-win32-x64\jre\21.0.9-win32-x86_64\bin\server

VM Arguments:
jvm_args: --add-modules=ALL-SYSTEM --add-opens=java.base/java.util=ALL-UNNAMED --add-opens=java.base/java.lang=ALL-UNNAMED --add-opens=java.base/sun.nio.fs=ALL-UNNAMED -Declipse.application=org.eclipse.jdt.ls.core.id1 -Dosgi.bundles.defaultStartLevel=4 -Declipse.product=org.eclipse.jdt.ls.core.product -Djava.import.generatesMetadataFilesAtProjectRoot=false -DDetectVMInstallationsJob.disabled=true -Dfile.encoding=utf8 -XX:+UseParallelGC -XX:GCTimeRatio=4 -XX:AdaptiveSizePolicyWeight=90 -Dsun.zip.disableMemoryMapping=true -Xmx2G -Xms100m -Xlog:disable -javaagent:c:\Users\88018\.vscode\extensions\redhat.java-1.51.0-win32-x64\lombok\lombok-1.18.39-4050.jar 
java_command: c:\Users\88018\.vscode\extensions\redhat.java-1.51.0-win32-x64\server\plugins\org.eclipse.equinox.launcher_1.7.100.v20251111-0406.jar -configuration c:\Users\88018\AppData\Roaming\Code\User\globalStorage\redhat.java\1.51.0\config_ss_win -data c:\Users\88018\AppData\Roaming\Code\User\workspaceStorage\d2e837351fd8ae200bb528c6219aa449\redhat.java\ss_ws --pipe=\\.\pipe\lsp-b3229396f32a850e3fbcac73a506f32f-sock
java_class_path (initial): c:\Users\88018\.vscode\extensions\redhat.java-1.51.0-win32-x64\server\plugins\org.eclipse.equinox.launcher_1.7.100.v20251111-0406.jar
Launcher Type: SUN_STANDARD

[Global flags]
    uintx AdaptiveSizePolicyWeight                 = 90                                        {product} {command line}
     intx CICompilerCount                          = 4                                         {product} {ergonomic}
    uintx GCTimeRatio                              = 4                                         {product} {command line}
   size_t InitialHeapSize                          = 104857600                                 {product} {command line}
   size_t MaxHeapSize                              = 2147483648                                {product} {command line}
   size_t MaxNewSize                               = 715653120                                 {product} {ergonomic}
   size_t MinHeapDeltaBytes                        = 524288                                    {product} {ergonomic}
   size_t MinHeapSize                              = 104857600                                 {product} {command line}
   size_t NewSize                                  = 34603008                                  {product} {ergonomic}
    uintx NonNMethodCodeHeapSize                   = 5839372                                {pd product} {ergonomic}
    uintx NonProfiledCodeHeapSize                  = 122909434                              {pd product} {ergonomic}
   size_t OldSize                                  = 70254592                                  {product} {ergonomic}
    uintx ProfiledCodeHeapSize                     = 122909434                              {pd product} {ergonomic}
    uintx ReservedCodeCacheSize                    = 251658240                              {pd product} {ergonomic}
     bool SegmentedCodeCache                       = true                                      {product} {ergonomic}
   size_t SoftMaxHeapSize                          = 2147483648                             {manageable} {ergonomic}
     bool UseCompressedOops                        = true                           {product lp64_product} {ergonomic}
     bool UseLargePagesIndividualAllocation        = false                                  {pd product} {ergonomic}
     bool UseParallelGC                            = true                                      {product} {command line}

Logging:
Log output configuration:
 #0: stdout all=off uptime,level,tags foldmultilines=false
 #1: stderr all=off uptime,level,tags foldmultilines=false

Release file:
JAVA_VERSION="21.0.9" 
MODULES="java.base java.compiler java.datatransfer java.xml java.prefs java.desktop java.instrument java.logging java.management java.security.sasl java.naming java.rmi java.management.rmi java.net.http java.scripting java.security.jgss java.transaction.xa java.sql java.sql.rowset java.xml.crypto java.se java.smartcardio jdk.accessibility jdk.internal.jvmstat jdk.attach jdk.charsets jdk.internal.opt jdk.zipfs jdk.compiler jdk.crypto.ec jdk.crypto.cryptoki jdk.crypto.mscapi jdk.dynalink jdk.internal.ed jdk.editpad jdk.hotspot.agent jdk.httpserver jdk.internal.le jdk.internal.vm.ci jdk.internal.vm.compiler jdk.internal.vm.compiler.management jdk.jartool jdk.javadoc jdk.jcmd jdk.management jdk.management.agent jdk.jconsole jdk.jdeps jdk.jdwp.agent jdk.jdi jdk.jfr jdk.jshell jdk.jsobject jdk.jstatd jdk.localedata jdk.management.jfr jdk.naming.dns jdk.naming.rmi jdk.net jdk.nio.mapmode jdk.random jdk.sctp jdk.security.auth jdk.security.jgss jdk.unsupported jdk.unsupported.desktop jdk.xml.dom" 

Environment Variables:
PATH=C:\Program Files\Python312\Scripts\;C:\Program Files\Python312\;C:\Program Files\Common Files\Oracle\Java\javapath;C:\Program Files (x86)\Common Files\Oracle\Java\javapath;C:\Windows\system32;C:\Windows;C:\Windows\System32\Wbem;C:\Windows\System32\WindowsPowerShell\v1.0\;C:\Windows\System32\OpenSSH\;C:\Program Files (x86)\NVIDIA Corporation\PhysX\Common;C:\Program Files\NVIDIA Corporation\NVIDIA NvDLISR;C:\WINDOWS\system32;C:\WINDOWS;C:\WINDOWS\System32\Wbem;C:\WINDOWS\System32\WindowsPowerShell\v1.0\;C:\WINDOWS\System32\OpenSSH\;C:\Java\jdk-20\bin;C:\Program Files\nodejs\;C:\Program Files\MySQL\MySQL Server 8.0\bin;E:\runtime\win64;E:\bin;E:\mtlab\bin;C:\Program Files\Git\cmd;D:\flutter\flutter\bin;D:\sdk_flutter\flutter\bin;C:\Users\88018\AppData\Local\Programs\Microsoft VS Code\bin
USERNAME=88018
OS=Windows_NT
PROCESSOR_IDENTIFIER=Intel64 Family 6 Model 140 Stepping 1, GenuineIntel
TMP=C:\Users\88018\AppData\Local\Temp
TEMP=C:\Users\88018\AppData\Local\Temp




Periodic native trim disabled

---------------  S Y S T E M  ---------------

OS:
 Windows 11 , 64 bit Build 26100 (10.0.26100.7309)
OS uptime: 3 days 3:10 hours
Hyper-V role detected

CPU: total 8 (initial active 8) (4 cores per cpu, 2 threads per core) family 6 model 140 stepping 1 microcode 0x86, cx8, cmov, fxsr, ht, mmx, 3dnowpref, sse, sse2, sse3, ssse3, sse4.1, sse4.2, popcnt, lzcnt, tsc, tscinvbit, avx, avx2, aes, erms, clmul, bmi1, bmi2, adx, avx512f, avx512dq, avx512cd, avx512bw, avx512vl, sha, fma, vzeroupper, avx512_vpopcntdq, avx512_vpclmulqdq, avx512_vaes, avx512_vnni, clflush, clflushopt, clwb, avx512_vbmi2, avx512_vbmi, hv, rdtscp, rdpid, fsrm, gfni, avx512_bitalg, f16c, cet_ibt, cet_ss, avx512_ifma
Processor Information for the first 8 processors :
  Max Mhz: 2419, Current Mhz: 2419, Mhz Limit: 2419

Memory: 4k page, system-wide physical 7886M (690M free)
TotalPageFile size 25678M (AvailPageFile size 0M)
current process WorkingSet (physical memory assigned to process): 59M, peak: 59M
current process commit charge ("private bytes"): 228M, peak: 229M

vm_info: OpenJDK 64-Bit Server VM (21.0.9+10-LTS) for windows-amd64 JRE (21.0.9+10-LTS), built on 2025-10-21T00:00:00Z by "admin" with unknown MS VC++:1942

END.
